Component: ARM Compiler 5.06 update 4 (build 422) Tool: armlink [4d35d2]

==============================================================================

Section Cross References

    main.o(i.main) refers to misc.o(i.NVIC_PriorityGroupConfig) for NVIC_PriorityGroupConfig
    main.o(i.main) refers to delay.o(i.delay_init) for delay_init
    main.o(i.main) refers to usart.o(i.uart_init) for uart_init
    main.o(i.main) refers to usart2.o(i.USART2_Init) for USART2_Init
    main.o(i.main) refers to led.o(i.LED_Init) for LED_Init
    main.o(i.main) refers to uw.o(i.UW_Init) for UW_Init
    main.o(i.main) refers to timer.o(i.TIM1_Int_Init) for TIM1_Int_Init
    main.o(i.main) refers to timer.o(i.TIM4_Int_Init) for TIM4_Int_Init
    main.o(i.main) refers to include.o(i.TIM_Run_Limit) for TIM_Run_Limit
    main.o(i.main) refers to delay.o(i.delay_ms) for delay_ms
    system_stm32f4xx.o(i.SystemCoreClockUpdate) refers to system_stm32f4xx.o(.data) for SystemCoreClock
    system_stm32f4xx.o(i.SystemInit) refers to system_stm32f4xx.o(i.SetSysClock) for SetSysClock
    include.o(i.SI4432_Send) refers to usart2.o(i.UART2_Send_Data) for UART2_Send_Data
    include.o(i.SI4432_Send) refers to stm32f4xx_tim.o(i.TIM_SetCounter) for TIM_SetCounter
    include.o(i.SI4432_Send) refers to usart2.o(.data) for Get_UW_flag
    include.o(i.SI4432_Send) refers to timer.o(.bss) for ms_count
    include.o(i.TIM_Run_Limit) refers to stm32f4xx_tim.o(i.TIM_GetCounter) for TIM_GetCounter
    include.o(i.TIM_Run_Limit) refers to timer.o(.bss) for ms_count
    include.o(i.TIM_Run_Limit) refers to usart2.o(.data) for Get_UW_flag
    include.o(i.define_state) refers to location.o(i.OutPutDate_4_axis) for OutPutDate_4_axis
    location.o(i.Calculate_xPoint_XYZ) refers to _printf_percent.o(.ARM.Collect$$_printf_percent$$00000000) for _printf_percent
    location.o(i.Calculate_xPoint_XYZ) refers to _printf_f.o(.ARM.Collect$$_printf_percent$$00000003) for _printf_f
    location.o(i.Calculate_xPoint_XYZ) refers to printf1.o(x$fpl$printf1) for _printf_fp_dec
    location.o(i.Calculate_xPoint_XYZ) refers to f2d.o(x$fpl$f2d) for __aeabi_f2d
    location.o(i.Calculate_xPoint_XYZ) refers to dmul.o(x$fpl$dmul) for __aeabi_dmul
    location.o(i.Calculate_xPoint_XYZ) refers to d2f.o(x$fpl$d2f) for __aeabi_d2f
    location.o(i.Calculate_xPoint_XYZ) refers to location.o(i.arm_sqrt_f32) for arm_sqrt_f32
    location.o(i.Calculate_xPoint_XYZ) refers to daddsub_clz.o(x$fpl$dadd) for __aeabi_dadd
    location.o(i.Calculate_xPoint_XYZ) refers to dfix.o(x$fpl$dfix) for __aeabi_d2iz
    location.o(i.Calculate_xPoint_XYZ) refers to noretval__2printf.o(.text) for __2printf
    location.o(i.Calculate_xPoint_XYZ) refers to location.o(.bss) for ABC
    location.o(i.Calculate_xPoint_XYZ) refers to usart2.o(.data) for SI_Send
    location.o(i.LocationGet) refers to location.o(i.arm_sqrt_f32) for arm_sqrt_f32
    location.o(i.LocationGet) refers to location.o(.data) for XA2
    location.o(i.OutPutDate_3_axis) refers to f2d.o(x$fpl$f2d) for __aeabi_f2d
    location.o(i.OutPutDate_3_axis) refers to dmul.o(x$fpl$dmul) for __aeabi_dmul
    location.o(i.OutPutDate_3_axis) refers to ddiv.o(x$fpl$ddiv) for __aeabi_ddiv
    location.o(i.OutPutDate_3_axis) refers to daddsub_clz.o(x$fpl$dadd) for __aeabi_dadd
    location.o(i.OutPutDate_3_axis) refers to d2f.o(x$fpl$d2f) for __aeabi_d2f
    location.o(i.OutPutDate_3_axis) refers to location.o(i.Calculate_xPoint_XYZ) for Calculate_xPoint_XYZ
    location.o(i.OutPutDate_3_axis) refers to location.o(.bss) for ABC
    location.o(i.OutPutDate_3_axis) refers to location.o(.constdata) for ABCD
    location.o(i.OutPutDate_3_axis) refers to uw.o(.bss) for time
    location.o(i.OutPutDate_4_axis) refers to _printf_percent.o(.ARM.Collect$$_printf_percent$$00000000) for _printf_percent
    location.o(i.OutPutDate_4_axis) refers to _printf_f.o(.ARM.Collect$$_printf_percent$$00000003) for _printf_f
    location.o(i.OutPutDate_4_axis) refers to printf1.o(x$fpl$printf1) for _printf_fp_dec
    location.o(i.OutPutDate_4_axis) refers to location.o(i.findmax_min) for findmax_min
    location.o(i.OutPutDate_4_axis) refers to f2d.o(x$fpl$f2d) for __aeabi_f2d
    location.o(i.OutPutDate_4_axis) refers to dleqf.o(x$fpl$dleqf) for __aeabi_cdcmple
    location.o(i.OutPutDate_4_axis) refers to dmul.o(x$fpl$dmul) for __aeabi_dmul
    location.o(i.OutPutDate_4_axis) refers to ddiv.o(x$fpl$ddiv) for __aeabi_ddiv
    location.o(i.OutPutDate_4_axis) refers to daddsub_clz.o(x$fpl$dadd) for __aeabi_dadd
    location.o(i.OutPutDate_4_axis) refers to d2f.o(x$fpl$d2f) for __aeabi_d2f
    location.o(i.OutPutDate_4_axis) refers to location.o(i.LocationGet) for LocationGet
    location.o(i.OutPutDate_4_axis) refers to dfix.o(x$fpl$dfix) for __aeabi_d2iz
    location.o(i.OutPutDate_4_axis) refers to dflt_clz.o(x$fpl$dflt) for __aeabi_i2d
    location.o(i.OutPutDate_4_axis) refers to noretval__2printf.o(.text) for __2printf
[...]
    ../clib/printf.c                         0x00000000   Number         0  __printf_flags_ss_wp.o ABSOLUTE
    ../clib/printf.c                         0x00000000   Number         0  __printf_nopercent.o ABSOLUTE
    ../clib/printf.c                         0x00000000   Number         0  _printf_fp_dec.o ABSOLUTE
    ../clib/printf_percent.s                 0x00000000   Number         0  _printf_percent_end.o ABSOLUTE
    ../clib/printf_percent.s                 0x00000000   Number         0  _printf_f.o ABSOLUTE
    ../clib/printf_percent.s                 0x00000000   Number         0  _printf_percent.o ABSOLUTE
    ../clib/signal.c                         0x00000000   Number         0  defsig_rtmem_inner.o ABSOLUTE
    ../clib/signal.c                         0x00000000   Number         0  defsig_cppl_inner.o ABSOLUTE
    ../clib/signal.c                         0x00000000   Number         0  __raise.o ABSOLUTE
    ../clib/signal.c                         0x00000000   Number         0  defsig_general.o ABSOLUTE
    ../clib/signal.c                         0x00000000   Number         0  defsig_rtmem_formal.o ABSOLUTE
    ../clib/signal.c                         0x00000000   Number         0  defsig_other.o ABSOLUTE
    ../clib/signal.c                         0x00000000   Number         0  defsig_rtmem_outer.o ABSOLUTE
    ../clib/signal.c                         0x00000000   Number         0  defsig_abrt_inner.o ABSOLUTE
    ../clib/signal.c                         0x00000000   Number         0  defsig_fpe_inner.o ABSOLUTE
    ../clib/signal.c                         0x00000000   Number         0  defsig_segv_inner.o ABSOLUTE
    ../clib/signal.c                         0x00000000   Number         0  defsig_pvfn_inner.o ABSOLUTE
    ../clib/signal.c                         0x00000000   Number         0  defsig_stak_inner.o ABSOLUTE
    ../clib/signal.c                         0x00000000   Number         0  defsig_rtred_inner.o ABSOLUTE
    ../clib/signal.c                         0x00000000   Number         0  defsig_exit.o ABSOLUTE
    ../clib/signal.s                         0x00000000   Number         0  defsig.o ABSOLUTE
    ../clib/stdio.c                          0x00000000   Number         0  ferror_locked.o ABSOLUTE
    ../clib/stdio.c                          0x00000000   Number         0  ferror.o ABSOLUTE
    ../clib/stdlib.c                         0x00000000   Number         0  exit.o ABSOLUTE
    ../fplib/d2f.s                           0x00000000   Number         0  d2f.o ABSOLUTE
    ../fplib/daddsub.s                       0x00000000   Number         0  daddsub_clz.o ABSOLUTE
    ../fplib/dcmpi.s                         0x00000000   Number         0  dcmpi.o ABSOLUTE
    ../fplib/ddiv.s                          0x00000000   Number         0  ddiv.o ABSOLUTE
    ../fplib/dfix.s                          0x00000000   Number         0  dfix.o ABSOLUTE
    ../fplib/dflt.s                          0x00000000   Number         0  dflt_clz.o ABSOLUTE
    ../fplib/dleqf.s                         0x00000000   Number         0  dleqf.o ABSOLUTE
    ../fplib/dmul.s                          0x00000000   Number         0  dmul.o ABSOLUTE
    ../fplib/dnaninf.s                       0x00000000   Number         0  dnaninf.o ABSOLUTE
    ../fplib/dretinf.s                       0x00000000   Number         0  dretinf.o ABSOLUTE
    ../fplib/f2d.s                           0x00000000   Number         0  f2d.o ABSOLUTE
    ../fplib/fnaninf.s                       0x00000000   Number         0  fnaninf.o ABSOLUTE
    ../fplib/fpinit.s                        0x00000000   Number         0  fpinit.o ABSOLUTE
    ../fplib/fretinf.s                       0x00000000   Number         0  fretinf.o ABSOLUTE
    ../fplib/istatus.s                       0x00000000   Number         0  istatus.o ABSOLUTE
    ../fplib/printf1.s                       0x00000000   Number         0  printf1.o ABSOLUTE
    ../fplib/usenofp.s                       0x00000000   Number         0  usenofp.o ABSOLUTE
    ../mathlib/fpclassify.c                  0x00000000   Number         0  fpclassify.o ABSOLUTE
    ..\BSP\KEY\key.c                         0x00000000   Number         0  key.o ABSOLUTE
    ..\BSP\LED\led.c                         0x00000000   Number         0  led.o ABSOLUTE
    ..\BSP\TIMER\timer.c                     0x00000000   Number         0  timer.o ABSOLUTE
    ..\BSP\USART2\USART2.c                   0x00000000   Number         0  usart2.o ABSOLUTE
    ..\BSP\UW\UW.c                           0x00000000   Number         0  uw.o ABSOLUTE
    ..\CORE\startup_stm32f40_41xxx.s         0x00000000   Number         0  startup_stm32f40_41xxx.o ABSOLUTE
    ..\FWLIB\src\misc.c                      0x00000000   Number         0  misc.o ABSOLUTE
    ..\FWLIB\src\stm32f4xx_can.c             0x00000000   Number         0  stm32f4xx_can.o ABSOLUTE
    ..\FWLIB\src\stm32f4xx_exti.c            0x00000000   Number         0  stm32f4xx_exti.o ABSOLUTE
    ..\FWLIB\src\stm32f4xx_gpio.c            0x00000000   Number         0  stm32f4xx_gpio.o ABSOLUTE
    ..\FWLIB\src\stm32f4xx_rcc.c             0x00000000   Number         0  stm32f4xx_rcc.o ABSOLUTE
    ..\FWLIB\src\stm32f4xx_syscfg.c          0x00000000   Number         0  stm32f4xx_syscfg.o ABSOLUTE
    ..\FWLIB\src\stm32f4xx_tim.c             0x00000000   Number         0  stm32f4xx_tim.o ABSOLUTE
    ..\FWLIB\src\stm32f4xx_usart.c           0x00000000   Number         0  stm32f4xx_usart.o ABSOLUTE
    ..\My_lib\Include\Include.c              0x00000000   Number         0  include.o ABSOLUTE
    ..\My_lib\Location\Location.c            0x00000000   Number         0  location.o ABSOLUTE
    ..\SYSTEM\delay\delay.c                  0x00000000   Number         0  delay.o ABSOLUTE
    ..\SYSTEM\sys\sys.c                      0x00000000   Number         0  sys.o ABSOLUTE
    ..\SYSTEM\usart\usart.c                  0x00000000   Number         0  usart.o ABSOLUTE
    ..\StatisticsFunctions\arm_max_f32.c     0x00000000   Number         0  arm_max_f32.o ABSOLUTE
    ..\StatisticsFunctions\arm_min_f32.c     0x00000000   Number         0  arm_min_f32.o ABSOLUTE
    ..\\BSP\\KEY\\key.c                      0x00000000   Number         0  key.o ABSOLUTE
    ..\\BSP\\LED\\led.c                      0x00000000   Number         0  led.o ABSOLUTE
    ..\\BSP\\TIMER\\timer.c                  0x00000000   Number         0  timer.o ABSOLUTE
    ..\\BSP\\USART2\\USART2.c                0x00000000   Number         0  usart2.o ABSOLUTE
    ..\\BSP\\UW\\UW.c                        0x00000000   Number         0  uw.o ABSOLUTE
    ..\\FWLIB\\src\\misc.c                   0x00000000   Number         0  misc.o ABSOLUTE
    ..\\FWLIB\\src\\stm32f4xx_can.c          0x00000000   Number         0  stm32f4xx_can.o ABSOLUTE
    ..\\FWLIB\\src\\stm32f4xx_exti.c         0x00000000   Number         0  stm32f4xx_exti.o ABSOLUTE
    ..\\FWLIB\\src\\stm32f4xx_gpio.c         0x00000000   Number         0  stm32f4xx_gpio.o ABSOLUTE
    ..\\FWLIB\\src\\stm32f4xx_rcc.c          0x00000000   Number         0  stm32f4xx_rcc.o ABSOLUTE
    ..\\FWLIB\\src\\stm32f4xx_syscfg.c       0x00000000   Number         0  stm32f4xx_syscfg.o ABSOLUTE
    ..\\FWLIB\\src\\stm32f4xx_tim.c          0x00000000   Number         0  stm32f4xx_tim.o ABSOLUTE
    ..\\FWLIB\\src\\stm32f4xx_usart.c        0x00000000   Number         0  stm32f4xx_usart.o ABSOLUTE
    ..\\My_lib\\Include\\Include.c           0x00000000   Number         0  include.o ABSOLUTE
    ..\\My_lib\\Location\\Location.c         0x00000000   Number         0  location.o ABSOLUTE
    ..\\SYSTEM\\delay\\delay.c               0x00000000   Number         0  delay.o ABSOLUTE
    ..\\SYSTEM\\sys\\sys.c                   0x00000000   Number         0  sys.o ABSOLUTE
    ..\\SYSTEM\\usart\\usart.c               0x00000000   Number         0  usart.o ABSOLUTE
    ..\\StatisticsFunctions\\arm_max_f32.c   0x00000000   Number         0  arm_max_f32.o ABSOLUTE
    ..\\StatisticsFunctions\\arm_min_f32.c   0x00000000   Number         0  arm_min_f32.o ABSOLUTE
    dc.s                                     0x00000000   Number         0  dc.o ABSOLUTE
    main.c                                   0x00000000   Number         0  main.o ABSOLUTE
    main.c                                   0x00000000   Number         0  main.o ABSOLUTE
    stm32f4xx_it.c                           0x00000000   Number         0  stm32f4xx_it.o ABSOLUTE
    stm32f4xx_it.c                           0x00000000   Number         0  stm32f4xx_it.o ABSOLUTE
    system_stm32f4xx.c                       0x00000000   Number         0  system_stm32f4xx.o ABSOLUTE
    system_stm32f4xx.c                       0x00000000   Number         0  system_stm32f4xx.o ABSOLUTE
    RESET                                    0x08000000   Section      392  startup_stm32f40_41xxx.o(RESET)
    !!!main                                  0x08000188   Section        8  __main.o(!!!main)
    !!!scatter                               0x08000190   Section       52  __scatter.o(!!!scatter)
    !!handler_copy                           0x080001c4   Section       26  __scatter_copy.o(!!handler_copy)
    !!handler_zi                             0x080001e0   Section       28  __scatter_zi.o(!!handler_zi)
    .ARM.Collect$$_printf_percent$$00000000  0x080001fc   Section        0  _printf_percent.o(.ARM.Collect$$_printf_percent$$00000000)
    .ARM.Collect$$_printf_percent$$00000003  0x080001fc   Section        6  _printf_f.o(.ARM.Collect$$_printf_percent$$00000003)
    .ARM.Collect$$_printf_percent$$00000017  0x08000202   Section        4  _printf_percent_end.o(.ARM.Collect$$_printf_percent$$00000017)
    .ARM.Collect$$libinit$$00000000          0x08000206   Section        2  libinit.o(.ARM.Collect$$libinit$$00000000)
    .ARM.Collect$$libinit$$00000001          0x08000208   Section        4  libinit2.o(.ARM.Collect$$libinit$$00000001)
    .ARM.Collect$$libinit$$00000004          0x0800020c   Section        0  libinit2.o(.ARM.Collect$$libinit$$00000004)
    .ARM.Collect$$libinit$$0000000A          0x0800020c   Section        0  libinit2.o(.ARM.Collect$$libinit$$0000000A)
    .ARM.Collect$$libinit$$0000000C          0x0800020c   Section        0  libinit2.o(.ARM.Collect$$libinit$$0000000C)
    .ARM.Collect$$libinit$$0000000E          0x0800020c   Section        0  libinit2.o(.ARM.Collect$$libinit$$0000000E)
    .ARM.Collect$$libinit$$0000000F          0x0800020c   Section        6  libinit2.o(.ARM.Collect$$libinit$$0000000F)
    .ARM.Collect$$libinit$$00000011          0x08000212   Section        0  libinit2.o(.ARM.Collect$$libinit$$00000011)
    .ARM.Collect$$libinit$$00000013          0x08000212   Section        0  libinit2.o(.ARM.Collect$$libinit$$00000013)
    .ARM.Collect$$libinit$$00000015          0x08000212   Section        0  libinit2.o(.ARM.Collect$$libinit$$00000015)
    .ARM.Collect$$libinit$$00000016          0x08000212   Section       10  libinit2.o(.ARM.Collect$$libinit$$00000016)
    .ARM.Collect$$libinit$$00000017          0x0800021c   Section        0  libinit2.o(.ARM.Collect$$libinit$$00000017)
    .ARM.Collect$$libinit$$00000019          0x0800021c   Section        0  libinit2.o(.ARM.Collect$$libinit$$00000019)
    .ARM.Collect$$libinit$$0000001B          0x0800021c   Section        0  libinit2.o(.ARM.Collect$$libinit$$0000001B)
    .ARM.Collect$$libinit$$0000001D          0x0800021c   Section        0  libinit2.o(.ARM.Collect$$libinit$$0000001D)
    .ARM.Collect$$libinit$$0000001F          0x0800021c   Section        0  libinit2.o(.ARM.Collect$$libinit$$0000001F)
    .ARM.Collect$$libinit$$00000021          0x0800021c   Section        0  libinit2.o(.ARM.Collect$$libinit$$00000021)
    .ARM.Collect$$libinit$$00000023          0x0800021c   Section        0  libinit2.o(.ARM.Collect$$libinit$$00000023)
    .ARM.Collect$$libinit$$00000025          0x0800021c   Section        0  libinit2.o(.ARM.Collect$$libinit$$00000025)
    .ARM.Collect$$libinit$$0000002C          0x0800021c   Section        0  libinit2.o(.ARM.Collect$$libinit$$0000002C)
    .ARM.Collect$$libinit$$0000002E          0x0800021c   Section        0  libinit2.o(.ARM.Collect$$libinit$$0000002E)
    .ARM.Collect$$libinit$$00000030          0x0800021c   Section        0  libinit2.o(.ARM.Collect$$libinit$$00000030)
    .ARM.Collect$$libinit$$00000032          0x0800021c   Section        0  libinit2.o(.ARM.Collect$$libinit$$00000032)
    .ARM.Collect$$libinit$$00000033          0x0800021c   Section        2  libinit2.o(.ARM.Collect$$libinit$$00000033)
    .ARM.Collect$$libshutdown$$00000000      0x0800021e   Section        2  libshutdown.o(.ARM.Collect$$libshutdown$$00000000)
    .ARM.Collect$$libshutdown$$00000002      0x08000220   Section        0  libshutdown2.o(.ARM.Collect$$libshutdown$$00000002)
    .ARM.Collect$$libshutdown$$00000004      0x08000220   Section        0  libshutdown2.o(.ARM.Collect$$libshutdown$$00000004)
    .ARM.Collect$$libshutdown$$00000007      0x08000220   Section        0  libshutdown2.o(.ARM.Collect$$libshutdown$$00000007)
    .ARM.Collect$$libshutdown$$0000000A      0x08000220   Section        0  libshutdown2.o(.ARM.Collect$$libshutdown$$0000000A)
    .ARM.Collect$$libshutdown$$0000000C      0x08000220   Section        0  libshutdown2.o(.ARM.Collect$$libshutdown$$0000000C)
    .ARM.Collect$$libshutdown$$0000000F      0x08000220   Section        0  libshutdown2.o(.ARM.Collect$$libshutdown$$0000000F)
    .ARM.Collect$$libshutdown$$00000010      0x08000220   Section        2  libshutdown2.o(.ARM.Collect$$libshutdown$$00000010)
    .ARM.Collect$$rtentry$$00000000          0x08000222   Section        0  __rtentry.o(.ARM.Collect$$rtentry$$00000000)
    .ARM.Collect$$rtentry$$00000002          0x08000222   Section        0  __rtentry2.o(.ARM.Collect$$rtentry$$00000002)
    .ARM.Collect$$rtentry$$00000004          0x08000222   Section        6  __rtentry4.o(.ARM.Collect$$rtentry$$00000004)
    .ARM.Collect$$rtentry$$00000009          0x08000228   Section        0  __rtentry2.o(.ARM.Collect$$rtentry$$00000009)
    .ARM.Collect$$rtentry$$0000000A          0x08000228   Section        4  __rtentry2.o(.ARM.Collect$$rtentry$$0000000A)
    .ARM.Collect$$rtentry$$0000000C          0x0800022c   Section        0  __rtentry2.o(.ARM.Collect$$rtentry$$0000000C)
    .ARM.Collect$$rtentry$$0000000D          0x0800022c   Section        8  __rtentry2.o(.ARM.Collect$$rtentry$$0000000D)
    .ARM.Collect$$rtexit$$00000000           0x08000234   Section        2  rtexit.o(.ARM.Collect$$rtexit$$00000000)
    .ARM.Collect$$rtexit$$00000002           0x08000236   Section        0  rtexit2.o(.ARM.Collect$$rtexit$$00000002)
    .ARM.Collect$$rtexit$$00000003           0x08000236   Section        4  rtexit2.o(.ARM.Collect$$rtexit$$00000003)
    .ARM.Collect$$rtexit$$00000004           0x0800023a   Section        6  rtexit2.o(.ARM.Collect$$rtexit$$00000004)
    .text                                    0x08000240   Section       64  startup_stm32f40_41xxx.o(.text)
    $v0                                      0x08000240   Number         0  startup_stm32f40_41xxx.o(.text)
    .text                                    0x08000280   Section        0  arm_max_f32.o(.text)
    .text                                    0x08000354   Section        0  arm_min_f32.o(.text)
    .text                                    0x08000428   Section        2  use_no_semi_2.o(.text)
    .text                                    0x0800042c   Section        0  noretval__2printf.o(.text)
    .text                                    0x08000444   Section        0  __printf_flags_wp.o(.text)
    .text                                    0x0800057c   Section        0  heapauxi.o(.text)
    .text                                    0x08000582   Section        2  use_no_semi.o(.text)
    .text                                    0x08000584   Section        0  _printf_fp_dec.o(.text)
    _fp_digits                               0x08000587   Thumb Code   428  _printf_fp_dec.o(.text)
    .text                                    0x080009a0   Section        0  _printf_char_file.o(.text)
    .text                                    0x080009c4   Section        8  rt_locale_intlibspace.o(.text)
    .text                                    0x080009cc   Section      138  lludiv10.o(.text)
    .text                                    0x08000a58   Section        0  _printf_char_common.o(.text)
    _printf_input_char                       0x08000a59   Thumb Code    10  _printf_char_common.o(.text)
    .text                                    0x08000a88   Section        0  _printf_fp_infnan.o(.text)
    .text                                    0x08000b08   Section        0  bigflt0.o(.text)
    .text                                    0x08000be4   Section        0  ferror.o(.text)
    .text                                    0x08000bec   Section        8  libspace.o(.text)
    .text                                    0x08000bf4   Section       74  sys_stackheap_outer.o(.text)
    .text                                    0x08000c3e   Section        0  exit.o(.text)
    .text                                    0x08000c50   Section      128  strcmpv7m.o(.text)
    CL$$btod_d2e                             0x08000cd0   Section       62  btod.o(CL$$btod_d2e)
    CL$$btod_d2e_denorm_low                  0x08000d0e   Section       70  btod.o(CL$$btod_d2e_denorm_low)
    CL$$btod_d2e_norm_op1                    0x08000d54   Section       96  btod.o(CL$$btod_d2e_norm_op1)
    CL$$btod_div_common                      0x08000db4   Section      824  btod.o(CL$$btod_div_common)
    CL$$btod_e2e                             0x080010ec   Section      198  btod.o(CL$$btod_e2e)
    CL$$btod_ediv                            0x080011b2   Section       40  btod.o(CL$$btod_ediv)
    CL$$btod_emul                            0x080011da   Section       40  btod.o(CL$$btod_emul)
    CL$$btod_mult_common                     0x08001202   Section      580  btod.o(CL$$btod_mult_common)
    i.BusFault_Handler                       0x08001446   Section        0  stm32f4xx_it.o(i.BusFault_Handler)
    i.DebugMon_Handler                       0x0800144a   Section        0  stm32f4xx_it.o(i.DebugMon_Handler)
    i.EXTI2_IRQHandler                       0x0800144c   Section        0  uw.o(i.EXTI2_IRQHandler)
    i.EXTI3_IRQHandler                       0x080014b0   Section        0  uw.o(i.EXTI3_IRQHandler)
    i.EXTI4_IRQHandler                       0x08001514   Section        0  uw.o(i.EXTI4_IRQHandler)
    i.EXTI9_5_IRQHandler                     0x08001578   Section        0  uw.o(i.EXTI9_5_IRQHandler)
    i.EXTIX_Init                             0x080015dc   Section        0  uw.o(i.EXTIX_Init)
    i.EXTI_ClearITPendingBit                 0x080016cc   Section        0  stm32f4xx_exti.o(i.EXTI_ClearITPendingBit)
    i.EXTI_GetITStatus                       0x080016d8   Section        0  stm32f4xx_exti.o(i.EXTI_GetITStatus)
    i.EXTI_Init                              0x080016f0   Section        0  stm32f4xx_exti.o(i.EXTI_Init)
    i.GPIO_Init                              0x08001784   Section        0  stm32f4xx_gpio.o(i.GPIO_Init)
    i.GPIO_PinAFConfig                       0x08001814   Section        0  stm32f4xx_gpio.o(i.GPIO_PinAFConfig)
    i.GPIO_ResetBits                         0x0800185a   Section        0  stm32f4xx_gpio.o(i.GPIO_ResetBits)
    i.GPIO_SetBits                           0x0800185e   Section        0  stm32f4xx_gpio.o(i.GPIO_SetBits)
    i.GPIO_Write                             0x08001862   Section        0  stm32f4xx_gpio.o(i.GPIO_Write)
    i.HardFault_Handler                      0x08001866   Section        0  stm32f4xx_it.o(i.HardFault_Handler)
    i.LED_Init                               0x0800186c   Section        0  led.o(i.LED_Init)
    i.LocationGet                            0x080018e4   Section        0  location.o(i.LocationGet)
    i.MemManage_Handler                      0x08001ac8   Section        0  stm32f4xx_it.o(i.MemManage_Handler)
    i.NMI_Handler                            0x08001acc   Section        0  stm32f4xx_it.o(i.NMI_Handler)
    i.NVIC_Init                              0x08001ad0   Section        0  misc.o(i.NVIC_Init)
    i.NVIC_PriorityGroupConfig               0x08001b48   Section        0  misc.o(i.NVIC_PriorityGroupConfig)
    i.OutPutDate_4_axis                      0x08001b5c   Section        0  location.o(i.OutPutDate_4_axis)
    i.PendSV_Handler                         0x08002028   Section        0  stm32f4xx_it.o(i.PendSV_Handler)
    i.RCC_AHB1PeriphClockCmd                 0x0800202c   Section        0  stm32f4xx_rcc.o(i.RCC_AHB1PeriphClockCmd)
    i.RCC_APB1PeriphClockCmd                 0x0800204c   Section        0  stm32f4xx_rcc.o(i.RCC_APB1PeriphClockCmd)
    i.RCC_APB2PeriphClockCmd                 0x0800206c   Section        0  stm32f4xx_rcc.o(i.RCC_APB2PeriphClockCmd)
    i.RCC_GetClocksFreq                      0x0800208c   Section        0  stm32f4xx_rcc.o(i.RCC_GetClocksFreq)
    i.SI4432_Send                            0x08002174   Section        0  include.o(i.SI4432_Send)
    i.SVC_Handler                            0x080021ac   Section        0  stm32f4xx_it.o(i.SVC_Handler)
    i.SYSCFG_EXTILineConfig                  0x080021b0   Section        0  stm32f4xx_syscfg.o(i.SYSCFG_EXTILineConfig)
    i.SetSysClock                            0x080021f0   Section        0  system_stm32f4xx.o(i.SetSysClock)
    SetSysClock                              0x080021f1   Thumb Code   220  system_stm32f4xx.o(i.SetSysClock)
    i.SysTick_CLKSourceConfig                0x080022dc   Section        0  misc.o(i.SysTick_CLKSourceConfig)
    i.SysTick_Handler                        0x08002304   Section        0  stm32f4xx_it.o(i.SysTick_Handler)
    i.SystemInit                             0x08002308   Section        0  system_stm32f4xx.o(i.SystemInit)
    i.TIM1_Int_Init                          0x08002370   Section        0  timer.o(i.TIM1_Int_Init)
    i.TIM1_UP_TIM10_IRQHandler               0x080023d4   Section        0  timer.o(i.TIM1_UP_TIM10_IRQHandler)
    i.TIM2_IRQHandler                        0x08002400   Section        0  timer.o(i.TIM2_IRQHandler)
    i.TIM3_IRQHandler                        0x08002428   Section        0  timer.o(i.TIM3_IRQHandler)
    i.TIM4_IRQHandler                        0x08002454   Section        0  timer.o(i.TIM4_IRQHandler)
    i.TIM4_Int_Init                          0x08002490   Section        0  timer.o(i.TIM4_Int_Init)
    i.TIM_ClearFlag                          0x080024ec   Section        0  stm32f4xx_tim.o(i.TIM_ClearFlag)
    i.TIM_ClearITPendingBit                  0x080024f2   Section        0  stm32f4xx_tim.o(i.TIM_ClearITPendingBit)
    i.TIM_Cmd                                0x080024f8   Section        0  stm32f4xx_tim.o(i.TIM_Cmd)
    i.TIM_GetCounter                         0x08002510   Section        0  stm32f4xx_tim.o(i.TIM_GetCounter)
    i.TIM_GetITStatus                        0x08002516   Section        0  stm32f4xx_tim.o(i.TIM_GetITStatus)
    i.TIM_ITConfig                           0x08002538   Section        0  stm32f4xx_tim.o(i.TIM_ITConfig)
    i.TIM_Run_Limit                          0x0800254c   Section        0  include.o(i.TIM_Run_Limit)
    i.TIM_SetCounter                         0x08002590   Section        0  stm32f4xx_tim.o(i.TIM_SetCounter)
    i.TIM_TimeBaseInit                       0x08002594   Section        0  stm32f4xx_tim.o(i.TIM_TimeBaseInit)
    i.UART2_Send_Data                        0x08002618   Section        0  usart2.o(i.UART2_Send_Data)
    i.USART1_IRQHandler                      0x08002654   Section        0  usart.o(i.USART1_IRQHandler)
    i.USART2_IRQHandler                      0x08002678   Section        0  usart2.o(i.USART2_IRQHandler)
    i.USART2_Init                            0x0800268c   Section        0  usart2.o(i.USART2_Init)
    i.USART_Cmd                              0x08002744   Section        0  stm32f4xx_usart.o(i.USART_Cmd)
    i.USART_GetFlagStatus                    0x0800275c   Section        0  stm32f4xx_usart.o(i.USART_GetFlagStatus)
    i.USART_GetITStatus                      0x08002776   Section        0  stm32f4xx_usart.o(i.USART_GetITStatus)
    i.USART_ITConfig                         0x080027ca   Section        0  stm32f4xx_usart.o(i.USART_ITConfig)
    i.USART_Init                             0x08002814   Section        0  stm32f4xx_usart.o(i.USART_Init)
    i.USART_ReceiveData                      0x080028e8   Section        0  stm32f4xx_usart.o(i.USART_ReceiveData)
    i.USART_SendData                         0x080028f2   Section        0  stm32f4xx_usart.o(i.USART_SendData)
    i.UW_Init                                0x080028fc   Section        0  uw.o(i.UW_Init)
    i.UsageFault_Handler                     0x08002978   Section        0  stm32f4xx_it.o(i.UsageFault_Handler)
    i.__ARM_fpclassify                       0x0800297c   Section        0  fpclassify.o(i.__ARM_fpclassify)
    i._is_digit                              0x080029ac   Section        0  __printf_wp.o(i._is_digit)
    i._sys_exit                              0x080029ba   Section        0  usart.o(i._sys_exit)
    i.arm_sqrt_f32                           0x080029c0   Section        0  location.o(i.arm_sqrt_f32)
    arm_sqrt_f32                             0x080029c1   Thumb Code    38  location.o(i.arm_sqrt_f32)
    i.define_state                           0x080029ec   Section        0  include.o(i.define_state)
    i.delay_init                             0x080029fc   Section        0  delay.o(i.delay_init)
    i.delay_ms                               0x08002a38   Section        0  delay.o(i.delay_ms)
    i.delay_xms                              0x08002a70   Section        0  delay.o(i.delay_xms)
    i.findmax_min                            0x08002abc   Section        0  location.o(i.findmax_min)
    i.fputc                                  0x08002ae8   Section        0  usart.o(i.fputc)
    i.main                                   0x08002b04   Section        0  main.o(i.main)
    i.uart_init                              0x08002b64   Section        0  usart.o(i.uart_init)
    locale$$code                             0x08002c1c   Section       44  lc_numeric_c.o(locale$$code)
    x$fpl$d2f                                0x08002c48   Section       98  d2f.o(x$fpl$d2f)
    $v0                                      0x08002c48   Number         0  d2f.o(x$fpl$d2f)
    x$fpl$dadd                               0x08002cac   Section      336  daddsub_clz.o(x$fpl$dadd)
    $v0                                      0x08002cac   Number         0  daddsub_clz.o(x$fpl$dadd)
    _dadd1                                   0x08002cbd   Thumb Code     0  daddsub_clz.o(x$fpl$dadd)
    x$fpl$dcmpinf                            0x08002dfc   Section       24  dcmpi.o(x$fpl$dcmpinf)
    $v0                                      0x08002dfc   Number         0  dcmpi.o(x$fpl$dcmpinf)
    x$fpl$ddiv                               0x08002e14   Section      688  ddiv.o(x$fpl$ddiv)
    $v0                                      0x08002e14   Number         0  ddiv.o(x$fpl$ddiv)
    ddiv_entry                               0x08002e1b   Thumb Code     0  ddiv.o(x$fpl$ddiv)
    x$fpl$dfix                               0x080030c4   Section       94  dfix.o(x$fpl$dfix)
    $v0                                      0x080030c4   Number         0  dfix.o(x$fpl$dfix)
    x$fpl$dflt                               0x08003122   Section       46  dflt_clz.o(x$fpl$dflt)
    $v0                                      0x08003122   Number         0  dflt_clz.o(x$fpl$dflt)
    x$fpl$dleqf                              0x08003150   Section      120  dleqf.o(x$fpl$dleqf)
    $v0                                      0x08003150   Number         0  dleqf.o(x$fpl$dleqf)
    x$fpl$dmul                               0x080031c8   Section      340  dmul.o(x$fpl$dmul)
    $v0                                      0x080031c8   Number         0  dmul.o(x$fpl$dmul)
    x$fpl$dnaninf                            0x0800331c   Section      156  dnaninf.o(x$fpl$dnaninf)
    $v0                                      0x0800331c   Number         0  dnaninf.o(x$fpl$dnaninf)
    x$fpl$dretinf                            0x080033b8   Section       12  dretinf.o(x$fpl$dretinf)
    $v0                                      0x080033b8   Number         0  dretinf.o(x$fpl$dretinf)
    x$fpl$dsub                               0x080033c4   Section      468  daddsub_clz.o(x$fpl$dsub)
    $v0                                      0x080033c4   Number         0  daddsub_clz.o(x$fpl$dsub)
    _dsub1                                   0x080033d5   Thumb Code     0  daddsub_clz.o(x$fpl$dsub)
    x$fpl$f2d                                0x08003598   Section       86  f2d.o(x$fpl$f2d)
    $v0                                      0x08003598   Number         0  f2d.o(x$fpl$f2d)
    x$fpl$fnaninf                            0x080035ee   Section      140  fnaninf.o(x$fpl$fnaninf)
    $v0                                      0x080035ee   Number         0  fnaninf.o(x$fpl$fnaninf)
    x$fpl$fpinit                             0x0800367a   Section       10  fpinit.o(x$fpl$fpinit)
    $v0                                      0x0800367a   Number         0  fpinit.o(x$fpl$fpinit)
    x$fpl$fretinf                            0x08003684   Section       10  fretinf.o(x$fpl$fretinf)
    $v0                                      0x08003684   Number         0  fretinf.o(x$fpl$fretinf)
    x$fpl$printf1                            0x0800368e   Section        4  printf1.o(x$fpl$printf1)
    $v0                                      0x0800368e   Number         0  printf1.o(x$fpl$printf1)
    .constdata                               0x08003692   Section       17  __printf_flags_wp.o(.constdata)
    x$fpl$usenofp                            0x08003692   Section        0  usenofp.o(x$fpl$usenofp)
    maptable                                 0x08003692   Data          17  __printf_flags_wp.o(.constdata)
    .constdata                               0x080036a4   Section      148  bigflt0.o(.constdata)
    tenpwrs_x                                0x080036a4   Data          60  bigflt0.o(.constdata)
    tenpwrs_i                                0x080036e0   Data          64  bigflt0.o(.constdata)
    locale$$data                             0x08003758   Section       28  lc_numeric_c.o(locale$$data)
    __lcnum_c_name                           0x0800375c   Data           2  lc_numeric_c.o(locale$$data)
    __lcnum_c_start                          0x08003764   Data           0  lc_numeric_c.o(locale$$data)
    __lcnum_c_point                          0x08003770   Data           0  lc_numeric_c.o(locale$$data)
    __lcnum_c_thousands                      0x08003772   Data           0  lc_numeric_c.o(locale$$data)
    __lcnum_c_grouping                       0x08003773   Data           0  lc_numeric_c.o(locale$$data)
    __lcnum_c_end                            0x08003774   Data           0  lc_numeric_c.o(locale$$data)
    .data                                    0x20000000   Section       32  location.o(.data)
    .data                                    0x20000020   Section        4  timer.o(.data)
    .data                                    0x20000024   Section       12  uw.o(.data)
    .data                                    0x20000030   Section       14  usart2.o(.data)
    .data                                    0x2000003e   Section        4  delay.o(.data)
    fac_us                                   0x2000003e   Data           1  delay.o(.data)
    fac_ms                                   0x20000040   Data           2  delay.o(.data)
    .data                                    0x20000044   Section        6  usart.o(.data)
    .data                                    0x2000004a   Section       16  stm32f4xx_rcc.o(.data)
    APBAHBPrescTable                         0x2000004a   Data          16  stm32f4xx_rcc.o(.data)
    .bss                                     0x2000005c   Section       76  location.o(.bss)
    .bss                                     0x200000a8   Section       12  timer.o(.bss)
    .bss                                     0x200000b4   Section       44  uw.o(.bss)
    .bss                                     0x200000e0   Section       96  libspace.o(.bss)
    HEAP                                     0x20000140   Section      512  startup_stm32f40_41xxx.o(HEAP)
    Heap_Mem                                 0x20000140   Data         512  startup_stm32f40_41xxx.o(HEAP)
    STACK                                    0x20000340   Section     1024  startup_stm32f40_41xxx.o(STACK)
    Stack_Mem                                0x20000340   Data        1024  startup_stm32f40_41xxx.o(STACK)
    __initial_sp                             0x20000740   Data           0  startup_stm32f40_41xxx.o(STACK)

    Global Symbols

    Symbol Name                              Value     Ov Type        Size  Object(Section)

    BuildAttributes$$THM_ISAv4$E$P$D$K$B$S$7EM$VFPi3$EXTD16$VFPS$VFMA$PE$A:L22UL41UL21$X:L11$S22US41US21$IEEE1$IW$USESV6$~STKCKD$USESV7$~SHL$OTIME$ROPI$IEEEJ$EBA8$UX$STANDARDLIB$REQ8$PRES8$EABIv2 0x00000000   Number         0  anon$$obj.o ABSOLUTE
    __ARM_use_no_argv                        0x00000000   Number         0  main.o ABSOLUTE
    _printf_flags                            0x00000000   Number         0  printf_stubs.o ABSOLUTE
    _printf_return_value                     0x00000000   Number         0  printf_stubs.o ABSOLUTE
    _printf_sizespec                         0x00000000   Number         0  printf_stubs.o ABSOLUTE
    _printf_widthprec                        0x00000000   Number         0  printf_stubs.o ABSOLUTE
    __ARM_exceptions_init                     - Undefined Weak Reference
    __alloca_initialize                       - Undefined Weak Reference
    __arm_preinit_                            - Undefined Weak Reference
    __cpp_initialize__aeabi_                  - Undefined Weak Reference
    __cxa_finalize                            - Undefined Weak Reference
    __sigvec_lookup                           - Undefined Weak Reference
    _atexit_init                              - Undefined Weak Reference
    _call_atexit_fns                          - Undefined Weak Reference
    _clock_init                               - Undefined Weak Reference
    _fp_trap_init                             - Undefined Weak Reference
    _fp_trap_shutdown                         - Undefined Weak Reference
    _get_lc_collate                           - Undefined Weak Reference
    _get_lc_ctype                             - Undefined Weak Reference
    _get_lc_monetary                          - Undefined Weak Reference
    _get_lc_time                              - Undefined Weak Reference
    _getenv_init                              - Undefined Weak Reference
    _handle_redirection                       - Undefined Weak Reference
    _init_alloc                               - Undefined Weak Reference
    _init_user_alloc                          - Undefined Weak Reference
    _initio                                   - Undefined Weak Reference
    _mutex_acquire                            - Undefined Weak Reference
    _mutex_release                            - Undefined Weak Reference
    _printf_post_padding                      - Undefined Weak Reference
    _printf_pre_padding                       - Undefined Weak Reference
    _rand_init                                - Undefined Weak Reference
    _signal_finish                            - Undefined Weak Reference
    _signal_init                              - Undefined Weak Reference
    _terminate_alloc                          - Undefined Weak Reference
    _terminate_user_alloc                     - Undefined Weak Reference
    _terminateio                              - Undefined Weak Reference
    __Vectors_Size                           0x00000188   Number         0  startup_stm32f40_41xxx.o ABSOLUTE
    __Vectors                                0x08000000   Data           4  startup_stm32f40_41xxx.o(RESET)
    __Vectors_End                            0x08000188   Data           0  startup_stm32f40_41xxx.o(RESET)
    __main                                   0x08000189   Thumb Code     8  __main.o(!!!main)
    __scatterload                            0x08000191   Thumb Code     0  __scatter.o(!!!scatter)
    __scatterload_rt2                        0x08000191   Thumb Code    44  __scatter.o(!!!scatter)
    __scatterload_rt2_thumb_only             0x08000191   Thumb Code     0  __scatter.o(!!!scatter)
    __scatterload_null                       0x0800019f   Thumb Code     0  __scatter.o(!!!scatter)
    __scatterload_copy                       0x080001c5   Thumb Code    26  __scatter_copy.o(!!handler_copy)
    __scatterload_zeroinit                   0x080001e1   Thumb Code    28  __scatter_zi.o(!!handler_zi)
    _printf_f                                0x080001fd   Thumb Code     0  _printf_f.o(.ARM.Collect$$_printf_percent$$00000003)
    _printf_percent                          0x080001fd   Thumb Code     0  _printf_percent.o(.ARM.Collect$$_printf_percent$$00000000)
    _printf_percent_end                      0x08000203   Thumb Code     0  _printf_percent_end.o(.ARM.Collect$$_printf_percent$$00000017)
    __rt_lib_init                            0x08000207   Thumb Code     0  libinit.o(.ARM.Collect$$libinit$$00000000)
    __rt_lib_init_fp_1                       0x08000209   Thumb Code     0  libinit2.o(.ARM.Collect$$libinit$$00000001)
    __rt_lib_init_heap_1                     0x0800020d   Thumb Code     0  libinit2.o(.ARM.Collect$$libinit$$0000000A)
    __rt_lib_init_lc_common                  0x0800020d   Thumb Code     0  libinit2.o(.ARM.Collect$$libinit$$0000000F)
    __rt_lib_init_preinit_1                  0x0800020d   Thumb Code     0  libinit2.o(.ARM.Collect$$libinit$$00000004)
    __rt_lib_init_rand_1                     0x0800020d   Thumb Code     0  libinit2.o(.ARM.Collect$$libinit$$0000000E)
    __rt_lib_init_user_alloc_1               0x0800020d   Thumb Code     0  libinit2.o(.ARM.Collect$$libinit$$0000000C)
    __rt_lib_init_lc_collate_1               0x08000213   Thumb Code     0  libinit2.o(.ARM.Collect$$libinit$$00000011)
    __rt_lib_init_lc_ctype_1                 0x08000213   Thumb Code     0  libinit2.o(.ARM.Collect$$libinit$$00000013)
    __rt_lib_init_lc_monetary_1              0x08000213   Thumb Code     0  libinit2.o(.ARM.Collect$$libinit$$00000015)
    __rt_lib_init_lc_numeric_2               0x08000213   Thumb Code     0  libinit2.o(.ARM.Collect$$libinit$$00000016)
    __rt_lib_init_alloca_1                   0x0800021d   Thumb Code     0  libinit2.o(.ARM.Collect$$libinit$$0000002E)
    __rt_lib_init_argv_1                     0x0800021d   Thumb Code     0  libinit2.o(.ARM.Collect$$libinit$$0000002C)
    __rt_lib_init_atexit_1                   0x0800021d   Thumb Code     0  libinit2.o(.ARM.Collect$$libinit$$0000001B)
    __rt_lib_init_clock_1                    0x0800021d   Thumb Code     0  libinit2.o(.ARM.Collect$$libinit$$00000021)
    __rt_lib_init_cpp_1                      0x0800021d   Thumb Code     0  libinit2.o(.ARM.Collect$$libinit$$00000032)
    __rt_lib_init_exceptions_1               0x0800021d   Thumb Code     0  libinit2.o(.ARM.Collect$$libinit$$00000030)
    __rt_lib_init_fp_trap_1                  0x0800021d   Thumb Code     0  libinit2.o(.ARM.Collect$$libinit$$0000001F)
    __rt_lib_init_getenv_1                   0x0800021d   Thumb Code     0  libinit2.o(.ARM.Collect$$libinit$$00000023)
    __rt_lib_init_lc_numeric_1               0x0800021d   Thumb Code     0  libinit2.o(.ARM.Collect$$libinit$$00000017)
    __rt_lib_init_lc_time_1                  0x0800021d   Thumb Code     0  libinit2.o(.ARM.Collect$$libinit$$00000019)
    __rt_lib_init_return                     0x0800021d   Thumb Code     0  libinit2.o(.ARM.Collect$$libinit$$00000033)
    __rt_lib_init_signal_1                   0x0800021d   Thumb Code     0  libinit2.o(.ARM.Collect$$libinit$$0000001D)
    __rt_lib_init_stdio_1                    0x0800021d   Thumb Code     0  libinit2.o(.ARM.Collect$$libinit$$00000025)
    __rt_lib_shutdown                        0x0800021f   Thumb Code     0  libshutdown.o(.ARM.Collect$$libshutdown$$00000000)
    __rt_lib_shutdown_cpp_1                  0x08000221   Thumb Code     0  libshutdown2.o(.ARM.Collect$$libshutdown$$00000002)
    __rt_lib_shutdown_fp_trap_1              0x08000221   Thumb Code     0  libshutdown2.o(.ARM.Collect$$libshutdown$$00000007)
    __rt_lib_shutdown_heap_1                 0x08000221   Thumb Code     0  libshutdown2.o(.ARM.Collect$$libshutdown$$0000000F)
    __rt_lib_shutdown_return                 0x08000221   Thumb Code     0  libshutdown2.o(.ARM.Collect$$libshutdown$$00000010)
    __rt_lib_shutdown_signal_1               0x08000221   Thumb Code     0  libshutdown2.o(.ARM.Collect$$libshutdown$$0000000A)
    __rt_lib_shutdown_stdio_1                0x08000221   Thumb Code     0  libshutdown2.o(.ARM.Collect$$libshutdown$$00000004)
    __rt_lib_shutdown_user_alloc_1           0x08000221   Thumb Code     0  libshutdown2.o(.ARM.Collect$$libshutdown$$0000000C)
    __rt_entry                               0x08000223   Thumb Code     0  __rtentry.o(.ARM.Collect$$rtentry$$00000000)
    __rt_entry_presh_1                       0x08000223   Thumb Code     0  __rtentry2.o(.ARM.Collect$$rtentry$$00000002)
    __rt_entry_sh                            0x08000223   Thumb Code     0  __rtentry4.o(.ARM.Collect$$rtentry$$00000004)
    __rt_entry_li                            0x08000229   Thumb Code     0  __rtentry2.o(.ARM.Collect$$rtentry$$0000000A)
    __rt_entry_postsh_1                      0x08000229   Thumb Code     0  __rtentry2.o(.ARM.Collect$$rtentry$$00000009)
    __rt_entry_main                          0x0800022d   Thumb Code     0  __rtentry2.o(.ARM.Collect$$rtentry$$0000000D)
    __rt_entry_postli_1                      0x0800022d   Thumb Code     0  __rtentry2.o(.ARM.Collect$$rtentry$$0000000C)
    __rt_exit                                0x08000235   Thumb Code     0  rtexit.o(.ARM.Collect$$rtexit$$00000000)
    __rt_exit_ls                             0x08000237   Thumb Code     0  rtexit2.o(.ARM.Collect$$rtexit$$00000003)
    __rt_exit_prels_1                        0x08000237   Thumb Code     0  rtexit2.o(.ARM.Collect$$rtexit$$00000002)
    __rt_exit_exit                           0x0800023b   Thumb Code     0  rtexit2.o(.ARM.Collect$$rtexit$$00000004)
    Reset_Handler                            0x08000241   Thumb Code     8  startup_stm32f40_41xxx.o(.text)
    ADC_IRQHandler                           0x0800025b   Thumb Code     0  startup_stm32f40_41xxx.o(.text)
    CAN1_RX0_IRQHandler                      0x0800025b   Thumb Code     0  startup_stm32f40_41xxx.o(.text)
    CAN1_RX1_IRQHandler                      0x0800025b   Thumb Code     0  startup_stm32f40_41xxx.o(.text)
    CAN1_SCE_IRQHandler                      0x0800025b   Thumb Code     0  startup_stm32f40_41xxx.o(.text)
    CAN1_TX_IRQHandler                       0x0800025b   Thumb Code     0  startup_stm32f40_41xxx.o(.text)
    CAN2_RX0_IRQHandler                      0x0800025b   Thumb Code     0  startup_stm32f40_41xxx.o(.text)
    CAN2_RX1_IRQHandler                      0x0800025b   Thumb Code     0  startup_stm32f40_41xxx.o(.text)
    CAN2_SCE_IRQHandler                      0x0800025b   Thumb Code     0  startup_stm32f40_41xxx.o(.text)
    CAN2_TX_IRQHandler                       0x0800025b   Thumb Code     0  startup_stm32f40_41xxx.o(.text)
    CRYP_IRQHandler                          0x0800025b   Thumb Code     0  startup_stm32f40_41xxx.o(.text)
    DCMI_IRQHandler                          0x0800025b   Thumb Code     0  startup_stm32f40_41xxx.o(.text)
    DMA1_Stream0_IRQHandler                  0x0800025b   Thumb Code     0  startup_stm32f40_41xxx.o(.text)
    DMA1_Stream1_IRQHandler                  0x0800025b   Thumb Code     0  startup_stm32f40_41xxx.o(.text)
    DMA1_Stream2_IRQHandler                  0x0800025b   Thumb Code     0  startup_stm32f40_41xxx.o(.text)
    DMA1_Stream3_IRQHandler                  0x0800025b   Thumb Code     0  startup_stm32f40_41xxx.o(.text)
    DMA1_Stream4_IRQHandler                  0x0800025b   Thumb Code     0  startup_stm32f40_41xxx.o(.text)
    DMA1_Stream5_IRQHandler                  0x0800025b   Thumb Code     0  startup_stm32f40_41xxx.o(.text)
    DMA1_Stream6_IRQHandler                  0x0800025b   Thumb Code     0  startup_stm32f40_41xxx.o(.text)
    DMA1_Stream7_IRQHandler                  0x0800025b   Thumb Code     0  startup_stm32f40_41xxx.o(.text)
    DMA2_Stream0_IRQHandler                  0x0800025b   Thumb Code     0  startup_stm32f40_41xxx.o(.text)
    DMA2_Stream1_IRQHandler                  0x0800025b   Thumb Code     0  startup_stm32f40_41xxx.o(.text)
    DMA2_Stream2_IRQHandler                  0x0800025b   Thumb Code     0  startup_stm32f40_41xxx.o(.text)
    DMA2_Stream3_IRQHandler                  0x0800025b   Thumb Code     0  startup_stm32f40_41xxx.o(.text)
    DMA2_Stream4_IRQHandler                  0x0800025b   Thumb Code     0  startup_stm32f40_41xxx.o(.text)
    DMA2_Stream5_IRQHandler                  0x0800025b   Thumb Code     0  startup_stm32f40_41xxx.o(.text)
    DMA2_Stream6_IRQHandler                  0x0800025b   Thumb Code     0  startup_stm32f40_41xxx.o(.text)
    DMA2_Stream7_IRQHandler                  0x0800025b   Thumb Code     0  startup_stm32f40_41xxx.o(.text)
    ETH_IRQHandler                           0x0800025b   Thumb Code     0  startup_stm32f40_41xxx.o(.text)
    ETH_WKUP_IRQHandler                      0x0800025b   Thumb Code     0  startup_stm32f40_41xxx.o(.text)
    EXTI0_IRQHandler                         0x0800025b   Thumb Code     0  startup_stm32f40_41xxx.o(.text)
    EXTI15_10_IRQHandler                     0x0800025b   Thumb Code     0  startup_stm32f40_41xxx.o(.text)
    EXTI1_IRQHandler                         0x0800025b   Thumb Code     0  startup_stm32f40_41xxx.o(.text)
    FLASH_IRQHandler                         0x0800025b   Thumb Code     0  startup_stm32f40_41xxx.o(.text)
    FPU_IRQHandler                           0x0800025b   Thumb Code     0  startup_stm32f40_41xxx.o(.text)
    FSMC_IRQHandler                          0x0800025b   Thumb Code     0  startup_stm32f40_41xxx.o(.text)
    HASH_RNG_IRQHandler                      0x0800025b   Thumb Code     0  startup_stm32f40_41xxx.o(.text)
    I2C1_ER_IRQHandler                       0x0800025b   Thumb Code     0  startup_stm32f40_41xxx.o(.text)
    I2C1_EV_IRQHandler                       0x0800025b   Thumb Code     0  startup_stm32f40_41xxx.o(.text)
    I2C2_ER_IRQHandler                       0x0800025b   Thumb Code     0  startup_stm32f40_41xxx.o(.text)
    I2C2_EV_IRQHandler                       0x0800025b   Thumb Code     0  startup_stm32f40_41xxx.o(.text)
    I2C3_ER_IRQHandler                       0x0800025b   Thumb Code     0  startup_stm32f40_41xxx.o(.text)
    I2C3_EV_IRQHandler                       0x0800025b   Thumb Code     0  startup_stm32f40_41xxx.o(.text)
    OTG_FS_IRQHandler                        0x0800025b   Thumb Code     0  startup_stm32f40_41xxx.o(.text)
    OTG_FS_WKUP_IRQHandler                   0x0800025b   Thumb Code     0  startup_stm32f40_41xxx.o(.text)
    OTG_HS_EP1_IN_IRQHandler                 0x0800025b   Thumb Code     0  startup_stm32f40_41xxx.o(.text)
    OTG_HS_EP1_OUT_IRQHandler                0x0800025b   Thumb Code     0  startup_stm32f40_41xxx.o(.text)
    OTG_HS_IRQHandler                        0x0800025b   Thumb Code     0  startup_stm32f40_41xxx.o(.text)
    OTG_HS_WKUP_IRQHandler                   0x0800025b   Thumb Code     0  startup_stm32f40_41xxx.o(.text)
    PVD_IRQHandler                           0x0800025b   Thumb Code     0  startup_stm32f40_41xxx.o(.text)
    RCC_IRQHandler                           0x0800025b   Thumb Code     0  startup_stm32f40_41xxx.o(.text)
    RTC_Alarm_IRQHandler                     0x0800025b   Thumb Code     0  startup_stm32f40_41xxx.o(.text)
    RTC_WKUP_IRQHandler                      0x0800025b   Thumb Code     0  startup_stm32f40_41xxx.o(.text)
    SDIO_IRQHandler                          0x0800025b   Thumb Code     0  startup_stm32f40_41xxx.o(.text)
    SPI1_IRQHandler                          0x0800025b   Thumb Code     0  startup_stm32f40_41xxx.o(.text)
    SPI2_IRQHandler                          0x0800025b   Thumb Code     0  startup_stm32f40_41xxx.o(.text)
    SPI3_IRQHandler                          0x0800025b   Thumb Code     0  startup_stm32f40_41xxx.o(.text)
    TAMP_STAMP_IRQHandler                    0x0800025b   Thumb Code     0  startup_stm32f40_41xxx.o(.text)
    TIM1_BRK_TIM9_IRQHandler                 0x0800025b   Thumb Code     0  startup_stm32f40_41xxx.o(.text)
    TIM1_CC_IRQHandler                       0x0800025b   Thumb Code     0  startup_stm32f40_41xxx.o(.text)
    TIM1_TRG_COM_TIM11_IRQHandler            0x0800025b   Thumb Code     0  startup_stm32f40_41xxx.o(.text)
    TIM5_IRQHandler                          0x0800025b   Thumb Code     0  startup_stm32f40_41xxx.o(.text)
    TIM6_DAC_IRQHandler                      0x0800025b   Thumb Code     0  startup_stm32f40_41xxx.o(.text)
    TIM7_IRQHandler                          0x0800025b   Thumb Code     0  startup_stm32f40_41xxx.o(.text)
    TIM8_BRK_TIM12_IRQHandler                0x0800025b   Thumb Code     0  startup_stm32f40_41xxx.o(.text)
    TIM8_CC_IRQHandler                       0x0800025b   Thumb Code     0  startup_stm32f40_41xxx.o(.text)
    TIM8_TRG_COM_TIM14_IRQHandler            0x0800025b   Thumb Code     0  startup_stm32f40_41xxx.o(.text)
    TIM8_UP_TIM13_IRQHandler                 0x0800025b   Thumb Code     0  startup_stm32f40_41xxx.o(.text)
    UART4_IRQHandler                         0x0800025b   Thumb Code     0  startup_stm32f40_41xxx.o(.text)
    UART5_IRQHandler                         0x0800025b   Thumb Code     0  startup_stm32f40_41xxx.o(.text)
    USART3_IRQHandler                        0x0800025b   Thumb Code     0  startup_stm32f40_41xxx.o(.text)
    USART6_IRQHandler                        0x0800025b   Thumb Code     0  startup_stm32f40_41xxx.o(.text)
    WWDG_IRQHandler                          0x0800025b   Thumb Code     0  startup_stm32f40_41xxx.o(.text)
    __user_initial_stackheap                 0x0800025d   Thumb Code     0  startup_stm32f40_41xxx.o(.text)
    arm_max_f32                              0x08000281   Thumb Code   212  arm_max_f32.o(.text)
    arm_min_f32                              0x08000355   Thumb Code   212  arm_min_f32.o(.text)
    __use_no_semihosting                     0x08000429   Thumb Code     2  use_no_semi_2.o(.text)
    __2printf                                0x0800042d   Thumb Code    20  noretval__2printf.o(.text)
    __printf                                 0x08000445   Thumb Code   308  __printf_flags_wp.o(.text)
    __use_two_region_memory                  0x0800057d   Thumb Code     2  heapauxi.o(.text)
    __rt_heap_escrow$2region                 0x0800057f   Thumb Code     2  heapauxi.o(.text)
    __rt_heap_expand$2region                 0x08000581   Thumb Code     2  heapauxi.o(.text)
    __I$use$semihosting                      0x08000583   Thumb Code     0  use_no_semi.o(.text)
    __use_no_semihosting_swi                 0x08000583   Thumb Code     2  use_no_semi.o(.text)
    __lib_sel_fp_printf                      0x08000585   Thumb Code     2  _printf_fp_dec.o(.text)
    _printf_fp_dec_real                      0x08000733   Thumb Code   620  _printf_fp_dec.o(.text)
    _printf_char_file                        0x080009a1   Thumb Code    32  _printf_char_file.o(.text)
    __rt_locale                              0x080009c5   Thumb Code     8  rt_locale_intlibspace.o(.text)
    _ll_udiv10                               0x080009cd   Thumb Code   138  lludiv10.o(.text)
    _printf_char_common                      0x08000a63   Thumb Code    32  _printf_char_common.o(.text)
    _printf_fp_infnan                        0x08000a89   Thumb Code   112  _printf_fp_infnan.o(.text)
    _btod_etento                             0x08000b09   Thumb Code   216  bigflt0.o(.text)
    ferror                                   0x08000be5   Thumb Code     8  ferror.o(.text)
    __user_libspace                          0x08000bed   Thumb Code     8  libspace.o(.text)
    __user_perproc_libspace                  0x08000bed   Thumb Code     0  libspace.o(.text)
    __user_perthread_libspace                0x08000bed   Thumb Code     0  libspace.o(.text)
    __user_setup_stackheap                   0x08000bf5   Thumb Code    74  sys_stackheap_outer.o(.text)
    exit                                     0x08000c3f   Thumb Code    18  exit.o(.text)
    strcmp                                   0x08000c51   Thumb Code   128  strcmpv7m.o(.text)
    _btod_d2e                                0x08000cd1   Thumb Code    62  btod.o(CL$$btod_d2e)
    _d2e_denorm_low                          0x08000d0f   Thumb Code    70  btod.o(CL$$btod_d2e_denorm_low)
    _d2e_norm_op1                            0x08000d55   Thumb Code    96  btod.o(CL$$btod_d2e_norm_op1)
    __btod_div_common                        0x08000db5   Thumb Code   696  btod.o(CL$$btod_div_common)
    _e2e                                     0x080010ed   Thumb Code   198  btod.o(CL$$btod_e2e)
    _btod_ediv                               0x080011b3   Thumb Code    40  btod.o(CL$$btod_ediv)
    _btod_emul                               0x080011db   Thumb Code    40  btod.o(CL$$btod_emul)
    __btod_mult_common                       0x08001203   Thumb Code   580  btod.o(CL$$btod_mult_common)
    BusFault_Handler                         0x08001447   Thumb Code     4  stm32f4xx_it.o(i.BusFault_Handler)
    DebugMon_Handler                         0x0800144b   Thumb Code     2  stm32f4xx_it.o(i.DebugMon_Handler)
    EXTI2_IRQHandler                         0x0800144d   Thumb Code    78  uw.o(i.EXTI2_IRQHandler)
    EXTI3_IRQHandler                         0x080014b1   Thumb Code    78  uw.o(i.EXTI3_IRQHandler)
    EXTI4_IRQHandler                         0x08001515   Thumb Code    78  uw.o(i.EXTI4_IRQHandler)
    EXTI9_5_IRQHandler                       0x08001579   Thumb Code    78  uw.o(i.EXTI9_5_IRQHandler)
    EXTIX_Init                               0x080015dd   Thumb Code   234  uw.o(i.EXTIX_Init)
    EXTI_ClearITPendingBit                   0x080016cd   Thumb Code     6  stm32f4xx_exti.o(i.EXTI_ClearITPendingBit)
    EXTI_GetITStatus                         0x080016d9   Thumb Code    20  stm32f4xx_exti.o(i.EXTI_GetITStatus)
    EXTI_Init                                0x080016f1   Thumb Code   142  stm32f4xx_exti.o(i.EXTI_Init)
    GPIO_Init                                0x08001785   Thumb Code   144  stm32f4xx_gpio.o(i.GPIO_Init)
    GPIO_PinAFConfig                         0x08001815   Thumb Code    70  stm32f4xx_gpio.o(i.GPIO_PinAFConfig)
    GPIO_ResetBits                           0x0800185b   Thumb Code     4  stm32f4xx_gpio.o(i.GPIO_ResetBits)
    GPIO_SetBits                             0x0800185f   Thumb Code     4  stm32f4xx_gpio.o(i.GPIO_SetBits)
    GPIO_Write                               0x08001863   Thumb Code     4  stm32f4xx_gpio.o(i.GPIO_Write)
    HardFault_Handler                        0x08001867   Thumb Code     4  stm32f4xx_it.o(i.HardFault_Handler)
    LED_Init                                 0x0800186d   Thumb Code   112  led.o(i.LED_Init)
    LocationGet                              0x080018e5   Thumb Code   450  location.o(i.LocationGet)
    MemManage_Handler                        0x08001ac9   Thumb Code     4  stm32f4xx_it.o(i.MemManage_Handler)
    NMI_Handler                              0x08001acd   Thumb Code     2  stm32f4xx_it.o(i.NMI_Handler)
    NVIC_Init                                0x08001ad1   Thumb Code   106  misc.o(i.NVIC_Init)
    NVIC_PriorityGroupConfig                 0x08001b49   Thumb Code    10  misc.o(i.NVIC_PriorityGroupConfig)
    OutPutDate_4_axis                        0x08001b5d   Thumb Code  1224  location.o(i.OutPutDate_4_axis)
    PendSV_Handler                           0x08002029   Thumb Code     2  stm32f4xx_it.o(i.PendSV_Handler)
    RCC_AHB1PeriphClockCmd                   0x0800202d   Thumb Code    26  stm32f4xx_rcc.o(i.RCC_AHB1PeriphClockCmd)
    RCC_APB1PeriphClockCmd                   0x0800204d   Thumb Code    26  stm32f4xx_rcc.o(i.RCC_APB1PeriphClockCmd)
    RCC_APB2PeriphClockCmd                   0x0800206d   Thumb Code    26  stm32f4xx_rcc.o(i.RCC_APB2PeriphClockCmd)
    RCC_GetClocksFreq                        0x0800208d   Thumb Code   214  stm32f4xx_rcc.o(i.RCC_GetClocksFreq)
    SI4432_Send                              0x08002175   Thumb Code    38  include.o(i.SI4432_Send)
    SVC_Handler                              0x080021ad   Thumb Code     2  stm32f4xx_it.o(i.SVC_Handler)
    SYSCFG_EXTILineConfig                    0x080021b1   Thumb Code    60  stm32f4xx_syscfg.o(i.SYSCFG_EXTILineConfig)
    SysTick_CLKSourceConfig                  0x080022dd   Thumb Code    40  misc.o(i.SysTick_CLKSourceConfig)
    SysTick_Handler                          0x08002305   Thumb Code     2  stm32f4xx_it.o(i.SysTick_Handler)
    SystemInit                               0x08002309   Thumb Code    88  system_stm32f4xx.o(i.SystemInit)
    TIM1_Int_Init                            0x08002371   Thumb Code    96  timer.o(i.TIM1_Int_Init)
    TIM1_UP_TIM10_IRQHandler                 0x080023d5   Thumb Code    34  timer.o(i.TIM1_UP_TIM10_IRQHandler)
    TIM2_IRQHandler                          0x08002401   Thumb Code    34  timer.o(i.TIM2_IRQHandler)
    TIM3_IRQHandler                          0x08002429   Thumb Code    34  timer.o(i.TIM3_IRQHandler)
    TIM4_IRQHandler                          0x08002455   Thumb Code    50  timer.o(i.TIM4_IRQHandler)
    TIM4_Int_Init                            0x08002491   Thumb Code    88  timer.o(i.TIM4_Int_Init)
    TIM_ClearFlag                            0x080024ed   Thumb Code     6  stm32f4xx_tim.o(i.TIM_ClearFlag)
    TIM_ClearITPendingBit                    0x080024f3   Thumb Code     6  stm32f4xx_tim.o(i.TIM_ClearITPendingBit)
    TIM_Cmd                                  0x080024f9   Thumb Code    24  stm32f4xx_tim.o(i.TIM_Cmd)
    TIM_GetCounter                           0x08002511   Thumb Code     6  stm32f4xx_tim.o(i.TIM_GetCounter)
    TIM_GetITStatus                          0x08002517   Thumb Code    34  stm32f4xx_tim.o(i.TIM_GetITStatus)
    TIM_ITConfig                             0x08002539   Thumb Code    18  stm32f4xx_tim.o(i.TIM_ITConfig)
    TIM_Run_Limit                            0x0800254d   Thumb Code    56  include.o(i.TIM_Run_Limit)
    TIM_SetCounter                           0x08002591   Thumb Code     4  stm32f4xx_tim.o(i.TIM_SetCounter)
    TIM_TimeBaseInit                         0x08002595   Thumb Code   104  stm32f4xx_tim.o(i.TIM_TimeBaseInit)
    UART2_Send_Data                          0x08002619   Thumb Code    56  usart2.o(i.UART2_Send_Data)
    USART1_IRQHandler                        0x08002655   Thumb Code    32  usart.o(i.USART1_IRQHandler)
    USART2_IRQHandler                        0x08002679   Thumb Code    14  usart2.o(i.USART2_IRQHandler)
    USART2_Init                              0x0800268d   Thumb Code   174  usart2.o(i.USART2_Init)
    USART_Cmd                                0x08002745   Thumb Code    24  stm32f4xx_usart.o(i.USART_Cmd)
    USART_GetFlagStatus                      0x0800275d   Thumb Code    26  stm32f4xx_usart.o(i.USART_GetFlagStatus)
    USART_GetITStatus                        0x08002777   Thumb Code    84  stm32f4xx_usart.o(i.USART_GetITStatus)
    USART_ITConfig                           0x080027cb   Thumb Code    74  stm32f4xx_usart.o(i.USART_ITConfig)
    USART_Init                               0x08002815   Thumb Code   204  stm32f4xx_usart.o(i.USART_Init)
    USART_ReceiveData                        0x080028e9   Thumb Code    10  stm32f4xx_usart.o(i.USART_ReceiveData)
    USART_SendData                           0x080028f3   Thumb Code     8  stm32f4xx_usart.o(i.USART_SendData)
    UW_Init                                  0x080028fd   Thumb Code   116  uw.o(i.UW_Init)
    UsageFault_Handler                       0x08002979   Thumb Code     4  stm32f4xx_it.o(i.UsageFault_Handler)
    __ARM_fpclassify                         0x0800297d   Thumb Code    48  fpclassify.o(i.__ARM_fpclassify)
    _is_digit                                0x080029ad   Thumb Code    14  __printf_wp.o(i._is_digit)
    _sys_exit                                0x080029bb   Thumb Code     4  usart.o(i._sys_exit)
    define_state                             0x080029ed   Thumb Code    14  include.o(i.define_state)
    delay_init                               0x080029fd   Thumb Code    52  delay.o(i.delay_init)
    delay_ms                                 0x08002a39   Thumb Code    56  delay.o(i.delay_ms)
    delay_xms                                0x08002a71   Thumb Code    72  delay.o(i.delay_xms)
    findmax_min                              0x08002abd   Thumb Code    42  location.o(i.findmax_min)
    fputc                                    0x08002ae9   Thumb Code    24  usart.o(i.fputc)
    main                                     0x08002b05   Thumb Code    90  main.o(i.main)
    uart_init                                0x08002b65   Thumb Code   174  usart.o(i.uart_init)
    _get_lc_numeric                          0x08002c1d   Thumb Code    44  lc_numeric_c.o(locale$$code)
    __aeabi_d2f                              0x08002c49   Thumb Code     0  d2f.o(x$fpl$d2f)
    _d2f                                     0x08002c49   Thumb Code    98  d2f.o(x$fpl$d2f)
    __aeabi_dadd                             0x08002cad   Thumb Code     0  daddsub_clz.o(x$fpl$dadd)
    _dadd                                    0x08002cad   Thumb Code   332  daddsub_clz.o(x$fpl$dadd)
    __fpl_dcmp_Inf                           0x08002dfd   Thumb Code    24  dcmpi.o(x$fpl$dcmpinf)
    __aeabi_ddiv                             0x08002e15   Thumb Code     0  ddiv.o(x$fpl$ddiv)
    _ddiv                                    0x08002e15   Thumb Code   552  ddiv.o(x$fpl$ddiv)
    __aeabi_d2iz                             0x080030c5   Thumb Code     0  dfix.o(x$fpl$dfix)
    _dfix                                    0x080030c5   Thumb Code    94  dfix.o(x$fpl$dfix)
    __aeabi_i2d                              0x08003123   Thumb Code     0  dflt_clz.o(x$fpl$dflt)
    _dflt                                    0x08003123   Thumb Code    46  dflt_clz.o(x$fpl$dflt)
    __aeabi_cdcmple                          0x08003151   Thumb Code     0  dleqf.o(x$fpl$dleqf)
    _dcmple                                  0x08003151   Thumb Code   120  dleqf.o(x$fpl$dleqf)
    __fpl_dcmple_InfNaN                      0x080031b3   Thumb Code     0  dleqf.o(x$fpl$dleqf)
    __aeabi_dmul                             0x080031c9   Thumb Code     0  dmul.o(x$fpl$dmul)
    _dmul                                    0x080031c9   Thumb Code   332  dmul.o(x$fpl$dmul)
    __fpl_dnaninf                            0x0800331d   Thumb Code   156  dnaninf.o(x$fpl$dnaninf)
    __fpl_dretinf                            0x080033b9   Thumb Code    12  dretinf.o(x$fpl$dretinf)
    __aeabi_dsub                             0x080033c5   Thumb Code     0  daddsub_clz.o(x$fpl$dsub)
    _dsub                                    0x080033c5   Thumb Code   464  daddsub_clz.o(x$fpl$dsub)
    __aeabi_f2d                              0x08003599   Thumb Code     0  f2d.o(x$fpl$f2d)
    _f2d                                     0x08003599   Thumb Code    86  f2d.o(x$fpl$f2d)
    __fpl_fnaninf                            0x080035ef   Thumb Code   140  fnaninf.o(x$fpl$fnaninf)
    _fp_init                                 0x0800367b   Thumb Code    10  fpinit.o(x$fpl$fpinit)
    __fplib_config_fpu_vfp                   0x08003683   Thumb Code     0  fpinit.o(x$fpl$fpinit)
    __fplib_config_pureend_doubles           0x08003683   Thumb Code     0  fpinit.o(x$fpl$fpinit)
    __fpl_fretinf                            0x08003685   Thumb Code    10  fretinf.o(x$fpl$fretinf)
    _printf_fp_dec                           0x0800368f   Thumb Code     4  printf1.o(x$fpl$printf1)
    __I$use$fp                               0x08003692   Number         0  usenofp.o(x$fpl$usenofp)
    Region$$Table$$Base                      0x08003738   Number         0  anon$$obj.o(Region$$Table)
    Region$$Table$$Limit                     0x08003758   Number         0  anon$$obj.o(Region$$Table)
    Length_a                                 0x20000000   Data           4  location.o(.data)
    Length_b                                 0x20000004   Data           4  location.o(.data)
    XA2                                      0x20000008   Data           4  location.o(.data)
    XB2                                      0x2000000c   Data           4  location.o(.data)
    XC2                                      0x20000010   Data           4  location.o(.data)
    XD2                                      0x20000014   Data           4  location.o(.data)
    Length_a2                                0x20000018   Data           4  location.o(.data)
    Length_b2                                0x2000001c   Data           4  location.o(.data)
    ms                                       0x20000020   Data           4  timer.o(.data)
    state                                    0x20000024   Data           1  uw.o(.data)
    Seq                                      0x20000025   Data           4  uw.o(.data)
    Dis_test                                 0x2000002c   Data           4  uw.o(.data)
    SI_Send                                  0x20000030   Data          10  usart2.o(.data)
    Get_UW_flag                              0x2000003a   Data           4  usart2.o(.data)
    __stdout                                 0x20000044   Data           4  usart.o(.data)
    USART_RX_STA                             0x20000048   Data           2  usart.o(.data)
    time_back                                0x2000005c   Data          16  location.o(.bss)
    Dis_UART_OUT                             0x2000006c   Data          12  location.o(.bss)
    ABC                                      0x20000078   Data          48  location.o(.bss)
    ms_count                                 0x200000a8   Data          12  timer.o(.bss)
    time                                     0x200000b4   Data          16  uw.o(.bss)
    CanBuf                                   0x200000c4   Data           9  uw.o(.bss)
    distance                                 0x200000d0   Data          16  uw.o(.bss)
    __libspace_start                         0x200000e0   Data          96  libspace.o(.bss)
    __temporary_stack_top$libspace           0x20000140   Data           0  libspace.o(.bss)



==============================================================================

Memory Map of the image

  Image Entry point : 0x08000189

  Load Region LR_IROM1 (Base: 0x08000000, Size: 0x000037d0, Max: 0x00100000, ABSOLUTE)

    Execution Region ER_IROM1 (Base: 0x08000000, Size: 0x00003774, Max: 0x00100000, ABSOLUTE)

    Base Addr    Size         Type   Attr      Idx    E Section Name        Object

    0x08000000   0x00000188   Data   RO         2254    RESET               startup_stm32f40_41xxx.o
    0x08000188   0x00000008   Code   RO         2358  * !!!main             c_w.l(__main.o)
    0x08000190   0x00000034   Code   RO         2610    !!!scatter          c_w.l(__scatter.o)
    0x080001c4   0x0000001a   Code   RO         2612    !!handler_copy      c_w.l(__scatter_copy.o)
    0x080001de   0x00000002   PAD
    0x080001e0   0x0000001c   Code   RO         2614    !!handler_zi        c_w.l(__scatter_zi.o)
    0x080001fc   0x00000000   Code   RO         2355    .ARM.Collect$$_printf_percent$$00000000  c_w.l(_printf_percent.o)
    0x080001fc   0x00000006   Code   RO         2354    .ARM.Collect$$_printf_percent$$00000003  c_w.l(_printf_f.o)
    0x08000202   0x00000004   Code   RO         2397    .ARM.Collect$$_printf_percent$$00000017  c_w.l(_printf_percent_end.o)
    0x08000206   0x00000002   Code   RO         2487    .ARM.Collect$$libinit$$00000000  c_w.l(libinit.o)
    0x08000208   0x00000004   Code   RO         2488    .ARM.Collect$$libinit$$00000001  c_w.l(libinit2.o)
    0x0800020c   0x00000000   Code   RO         2491    .ARM.Collect$$libinit$$00000004  c_w.l(libinit2.o)
    0x0800020c   0x00000000   Code   RO         2494    .ARM.Collect$$libinit$$0000000A  c_w.l(libinit2.o)
    0x0800020c   0x00000000   Code   RO         2496    .ARM.Collect$$libinit$$0000000C  c_w.l(libinit2.o)
    0x0800020c   0x00000000   Code   RO         2498    .ARM.Collect$$libinit$$0000000E  c_w.l(libinit2.o)
    0x0800020c   0x00000006   Code   RO         2499    .ARM.Collect$$libinit$$0000000F  c_w.l(libinit2.o)
    0x08000212   0x00000000   Code   RO         2501    .ARM.Collect$$libinit$$00000011  c_w.l(libinit2.o)
    0x08000212   0x00000000   Code   RO         2503    .ARM.Collect$$libinit$$00000013  c_w.l(libinit2.o)
    0x08000212   0x00000000   Code   RO         2505    .ARM.Collect$$libinit$$00000015  c_w.l(libinit2.o)
    0x08000212   0x0000000a   Code   RO         2506    .ARM.Collect$$libinit$$00000016  c_w.l(libinit2.o)
    0x0800021c   0x00000000   Code   RO         2507    .ARM.Collect$$libinit$$00000017  c_w.l(libinit2.o)
    0x0800021c   0x00000000   Code   RO         2509    .ARM.Collect$$libinit$$00000019  c_w.l(libinit2.o)
    0x0800021c   0x00000000   Code   RO         2511    .ARM.Collect$$libinit$$0000001B  c_w.l(libinit2.o)
    0x0800021c   0x00000000   Code   RO         2513    .ARM.Collect$$libinit$$0000001D  c_w.l(libinit2.o)
    0x0800021c   0x00000000   Code   RO         2515    .ARM.Collect$$libinit$$0000001F  c_w.l(libinit2.o)
    0x0800021c   0x00000000   Code   RO         2517    .ARM.Collect$$libinit$$00000021  c_w.l(libinit2.o)
    0x0800021c   0x00000000   Code   RO         2519    .ARM.Collect$$libinit$$00000023  c_w.l(libinit2.o)
    0x0800021c   0x00000000   Code   RO         2521    .ARM.Collect$$libinit$$00000025  c_w.l(libinit2.o)
    0x0800021c   0x00000000   Code   RO         2525    .ARM.Collect$$libinit$$0000002C  c_w.l(libinit2.o)
    0x0800021c   0x00000000   Code   RO         2527    .ARM.Collect$$libinit$$0000002E  c_w.l(libinit2.o)
    0x0800021c   0x00000000   Code   RO         2529    .ARM.Collect$$libinit$$00000030  c_w.l(libinit2.o)
    0x0800021c   0x00000000   Code   RO         2531    .ARM.Collect$$libinit$$00000032  c_w.l(libinit2.o)
    0x0800021c   0x00000002   Code   RO         2532    .ARM.Collect$$libinit$$00000033  c_w.l(libinit2.o)
    0x0800021e   0x00000002   Code   RO         2560    .ARM.Collect$$libshutdown$$00000000  c_w.l(libshutdown.o)
    0x08000220   0x00000000   Code   RO         2569    .ARM.Collect$$libshutdown$$00000002  c_w.l(libshutdown2.o)
    0x08000220   0x00000000   Code   RO         2571    .ARM.Collect$$libshutdown$$00000004  c_w.l(libshutdown2.o)
    0x08000220   0x00000000   Code   RO         2574    .ARM.Collect$$libshutdown$$00000007  c_w.l(libshutdown2.o)
    0x08000220   0x00000000   Code   RO         2577    .ARM.Collect$$libshutdown$$0000000A  c_w.l(libshutdown2.o)
    0x08000220   0x00000000   Code   RO         2579    .ARM.Collect$$libshutdown$$0000000C  c_w.l(libshutdown2.o)
    0x08000220   0x00000000   Code   RO         2582    .ARM.Collect$$libshutdown$$0000000F  c_w.l(libshutdown2.o)
    0x08000220   0x00000002   Code   RO         2583    .ARM.Collect$$libshutdown$$00000010  c_w.l(libshutdown2.o)
    0x08000222   0x00000000   Code   RO         2392    .ARM.Collect$$rtentry$$00000000  c_w.l(__rtentry.o)
    0x08000222   0x00000000   Code   RO         2410    .ARM.Collect$$rtentry$$00000002  c_w.l(__rtentry2.o)
    0x08000222   0x00000006   Code   RO         2422    .ARM.Collect$$rtentry$$00000004  c_w.l(__rtentry4.o)
    0x08000228   0x00000000   Code   RO         2412    .ARM.Collect$$rtentry$$00000009  c_w.l(__rtentry2.o)
    0x08000228   0x00000004   Code   RO         2413    .ARM.Collect$$rtentry$$0000000A  c_w.l(__rtentry2.o)
    0x0800022c   0x00000000   Code   RO         2415    .ARM.Collect$$rtentry$$0000000C  c_w.l(__rtentry2.o)
    0x0800022c   0x00000008   Code   RO         2416    .ARM.Collect$$rtentry$$0000000D  c_w.l(__rtentry2.o)
    0x08000234   0x00000002   Code   RO         2533    .ARM.Collect$$rtexit$$00000000  c_w.l(rtexit.o)
    0x08000236   0x00000000   Code   RO         2540    .ARM.Collect$$rtexit$$00000002  c_w.l(rtexit2.o)
    0x08000236   0x00000004   Code   RO         2541    .ARM.Collect$$rtexit$$00000003  c_w.l(rtexit2.o)
    0x0800023a   0x00000006   Code   RO         2542    .ARM.Collect$$rtexit$$00000004  c_w.l(rtexit2.o)
    0x08000240   0x00000040   Code   RO         2255    .text               startup_stm32f40_41xxx.o
    0x08000280   0x000000d4   Code   RO         2261    .text               arm_cortexM4lf_math.lib(arm_max_f32.o)
    0x08000354   0x000000d4   Code   RO         2306    .text               arm_cortexM4lf_math.lib(arm_min_f32.o)
    0x08000428   0x00000002   Code   RO         2326    .text               c_w.l(use_no_semi_2.o)
    0x0800042a   0x00000002   PAD
    0x0800042c   0x00000018   Code   RO         2330    .text               c_w.l(noretval__2printf.o)
    0x08000444   0x00000138   Code   RO         2346    .text               c_w.l(__printf_flags_wp.o)
    0x0800057c   0x00000006   Code   RO         2356    .text               c_w.l(heapauxi.o)
    0x08000582   0x00000002   Code   RO         2390    .text               c_w.l(use_no_semi.o)
    0x08000584   0x0000041a   Code   RO         2393    .text               c_w.l(_printf_fp_dec.o)
    0x0800099e   0x00000002   PAD
    0x080009a0   0x00000024   Code   RO         2395    .text               c_w.l(_printf_char_file.o)
    0x080009c4   0x00000008   Code   RO         2427    .text               c_w.l(rt_locale_intlibspace.o)
    0x080009cc   0x0000008a   Code   RO         2429    .text               c_w.l(lludiv10.o)
    0x08000a56   0x00000002   PAD
    0x08000a58   0x00000030   Code   RO         2431    .text               c_w.l(_printf_char_common.o)
    0x08000a88   0x00000080   Code   RO         2433    .text               c_w.l(_printf_fp_infnan.o)
    0x08000b08   0x000000dc   Code   RO         2435    .text               c_w.l(bigflt0.o)
    0x08000be4   0x00000008   Code   RO         2460    .text               c_w.l(ferror.o)
    0x08000bec   0x00000008   Code   RO         2471    .text               c_w.l(libspace.o)
    0x08000bf4   0x0000004a   Code   RO         2474    .text               c_w.l(sys_stackheap_outer.o)
    0x08000c3e   0x00000012   Code   RO         2478    .text               c_w.l(exit.o)
    0x08000c50   0x00000080   Code   RO         2480    .text               c_w.l(strcmpv7m.o)
    0x08000cd0   0x0000003e   Code   RO         2438    CL$$btod_d2e        c_w.l(btod.o)
    0x08000d0e   0x00000046   Code   RO         2440    CL$$btod_d2e_denorm_low  c_w.l(btod.o)
    0x08000d54   0x00000060   Code   RO         2439    CL$$btod_d2e_norm_op1  c_w.l(btod.o)
    0x08000db4   0x00000338   Code   RO         2448    CL$$btod_div_common  c_w.l(btod.o)
    0x080010ec   0x000000c6   Code   RO         2445    CL$$btod_e2e        c_w.l(btod.o)
    0x080011b2   0x00000028   Code   RO         2442    CL$$btod_ediv       c_w.l(btod.o)
    0x080011da   0x00000028   Code   RO         2441    CL$$btod_emul       c_w.l(btod.o)
    0x08001202   0x00000244   Code   RO         2447    CL$$btod_mult_common  c_w.l(btod.o)
    0x08001446   0x00000004   Code   RO          162    i.BusFault_Handler  stm32f4xx_it.o
    0x0800144a   0x00000002   Code   RO          163    i.DebugMon_Handler  stm32f4xx_it.o
    0x0800144c   0x00000064   Code   RO          495    i.EXTI2_IRQHandler  uw.o
    0x080014b0   0x00000064   Code   RO          496    i.EXTI3_IRQHandler  uw.o
    0x08001514   0x00000064   Code   RO          497    i.EXTI4_IRQHandler  uw.o
    0x08001578   0x00000064   Code   RO          498    i.EXTI9_5_IRQHandler  uw.o
    0x080015dc   0x000000f0   Code   RO          499    i.EXTIX_Init        uw.o
    0x080016cc   0x0000000c   Code   RO          955    i.EXTI_ClearITPendingBit  stm32f4xx_exti.o
    0x080016d8   0x00000018   Code   RO          959    i.EXTI_GetITStatus  stm32f4xx_exti.o
    0x080016f0   0x00000094   Code   RO          960    i.EXTI_Init         stm32f4xx_exti.o
    0x08001784   0x00000090   Code   RO         1017    i.GPIO_Init         stm32f4xx_gpio.o
    0x08001814   0x00000046   Code   RO         1018    i.GPIO_PinAFConfig  stm32f4xx_gpio.o
    0x0800185a   0x00000004   Code   RO         1024    i.GPIO_ResetBits    stm32f4xx_gpio.o
    0x0800185e   0x00000004   Code   RO         1025    i.GPIO_SetBits      stm32f4xx_gpio.o
    0x08001862   0x00000004   Code   RO         1028    i.GPIO_Write        stm32f4xx_gpio.o
    0x08001866   0x00000004   Code   RO          164    i.HardFault_Handler  stm32f4xx_it.o
    0x0800186a   0x00000002   PAD
    0x0800186c   0x00000078   Code   RO          409    i.LED_Init          led.o
    0x080018e4   0x000001e4   Code   RO          346    i.LocationGet       location.o
    0x08001ac8   0x00000004   Code   RO          165    i.MemManage_Handler  stm32f4xx_it.o
    0x08001acc   0x00000002   Code   RO          166    i.NMI_Handler       stm32f4xx_it.o
    0x08001ace   0x00000002   PAD
    0x08001ad0   0x00000078   Code   RO          747    i.NVIC_Init         misc.o
    0x08001b48   0x00000014   Code   RO          748    i.NVIC_PriorityGroupConfig  misc.o
    0x08001b5c   0x000004cc   Code   RO          348    i.OutPutDate_4_axis  location.o
    0x08002028   0x00000002   Code   RO          167    i.PendSV_Handler    stm32f4xx_it.o
    0x0800202a   0x00000002   PAD
    0x0800202c   0x00000020   Code   RO         1114    i.RCC_AHB1PeriphClockCmd  stm32f4xx_rcc.o
    0x0800204c   0x00000020   Code   RO         1123    i.RCC_APB1PeriphClockCmd  stm32f4xx_rcc.o
    0x0800206c   0x00000020   Code   RO         1126    i.RCC_APB2PeriphClockCmd  stm32f4xx_rcc.o
    0x0800208c   0x000000e8   Code   RO         1135    i.RCC_GetClocksFreq  stm32f4xx_rcc.o
    0x08002174   0x00000038   Code   RO          296    i.SI4432_Send       include.o
    0x080021ac   0x00000002   Code   RO          168    i.SVC_Handler       stm32f4xx_it.o
    0x080021ae   0x00000002   PAD
    0x080021b0   0x00000040   Code   RO         1451    i.SYSCFG_EXTILineConfig  stm32f4xx_syscfg.o
    0x080021f0   0x000000ec   Code   RO          259    i.SetSysClock       system_stm32f4xx.o
    0x080022dc   0x00000028   Code   RO          751    i.SysTick_CLKSourceConfig  misc.o
    0x08002304   0x00000002   Code   RO          169    i.SysTick_Handler   stm32f4xx_it.o
    0x08002306   0x00000002   PAD
    0x08002308   0x00000068   Code   RO          261    i.SystemInit        system_stm32f4xx.o
    0x08002370   0x00000064   Code   RO          429    i.TIM1_Int_Init     timer.o
    0x080023d4   0x0000002c   Code   RO          430    i.TIM1_UP_TIM10_IRQHandler  timer.o
    0x08002400   0x00000028   Code   RO          431    i.TIM2_IRQHandler   timer.o
    0x08002428   0x0000002c   Code   RO          433    i.TIM3_IRQHandler   timer.o
    0x08002454   0x0000003c   Code   RO          435    i.TIM4_IRQHandler   timer.o
    0x08002490   0x0000005c   Code   RO          436    i.TIM4_Int_Init     timer.o
    0x080024ec   0x00000006   Code   RO         1514    i.TIM_ClearFlag     stm32f4xx_tim.o
    0x080024f2   0x00000006   Code   RO         1515    i.TIM_ClearITPendingBit  stm32f4xx_tim.o
    0x080024f8   0x00000018   Code   RO         1520    i.TIM_Cmd           stm32f4xx_tim.o
    0x08002510   0x00000006   Code   RO         1539    i.TIM_GetCounter    stm32f4xx_tim.o
    0x08002516   0x00000022   Code   RO         1541    i.TIM_GetITStatus   stm32f4xx_tim.o
    0x08002538   0x00000012   Code   RO         1545    i.TIM_ITConfig      stm32f4xx_tim.o
    0x0800254a   0x00000002   PAD
    0x0800254c   0x00000044   Code   RO          297    i.TIM_Run_Limit     include.o
    0x08002590   0x00000004   Code   RO         1586    i.TIM_SetCounter    stm32f4xx_tim.o
    0x08002594   0x00000084   Code   RO         1592    i.TIM_TimeBaseInit  stm32f4xx_tim.o
    0x08002618   0x0000003c   Code   RO          587    i.UART2_Send_Data   usart2.o
    0x08002654   0x00000024   Code   RO          688    i.USART1_IRQHandler  usart.o
    0x08002678   0x00000014   Code   RO          588    i.USART2_IRQHandler  usart2.o
    0x0800268c   0x000000b8   Code   RO          589    i.USART2_Init       usart2.o
    0x08002744   0x00000018   Code   RO         2070    i.USART_Cmd         stm32f4xx_usart.o
    0x0800275c   0x0000001a   Code   RO         2073    i.USART_GetFlagStatus  stm32f4xx_usart.o
    0x08002776   0x00000054   Code   RO         2074    i.USART_GetITStatus  stm32f4xx_usart.o
    0x080027ca   0x0000004a   Code   RO         2076    i.USART_ITConfig    stm32f4xx_usart.o
    0x08002814   0x000000d4   Code   RO         2077    i.USART_Init        stm32f4xx_usart.o
    0x080028e8   0x0000000a   Code   RO         2084    i.USART_ReceiveData  stm32f4xx_usart.o
    0x080028f2   0x00000008   Code   RO         2087    i.USART_SendData    stm32f4xx_usart.o
    0x080028fa   0x00000002   PAD
    0x080028fc   0x0000007c   Code   RO          500    i.UW_Init           uw.o
    0x08002978   0x00000004   Code   RO          170    i.UsageFault_Handler  stm32f4xx_it.o
    0x0800297c   0x00000030   Code   RO         2469    i.__ARM_fpclassify  m_wm.l(fpclassify.o)
    0x080029ac   0x0000000e   Code   RO         2344    i._is_digit         c_w.l(__printf_wp.o)
    0x080029ba   0x00000004   Code   RO          689    i._sys_exit         usart.o
    0x080029be   0x00000002   PAD
    0x080029c0   0x0000002c   Code   RO          349    i.arm_sqrt_f32      location.o
    0x080029ec   0x0000000e   Code   RO          298    i.define_state      include.o
    0x080029fa   0x00000002   PAD
    0x080029fc   0x0000003c   Code   RO          628    i.delay_init        delay.o
    0x08002a38   0x00000038   Code   RO          629    i.delay_ms          delay.o
    0x08002a70   0x0000004c   Code   RO          631    i.delay_xms         delay.o
    0x08002abc   0x0000002a   Code   RO          350    i.findmax_min       location.o
    0x08002ae6   0x00000002   PAD
    0x08002ae8   0x0000001c   Code   RO          690    i.fputc             usart.o
    0x08002b04   0x00000060   Code   RO            3    i.main              main.o
    0x08002b64   0x000000b8   Code   RO          691    i.uart_init         usart.o
    0x08002c1c   0x0000002c   Code   RO         2465    locale$$code        c_w.l(lc_numeric_c.o)
    0x08002c48   0x00000062   Code   RO         2360    x$fpl$d2f           fz_wm.l(d2f.o)
    0x08002caa   0x00000002   PAD
    0x08002cac   0x00000150   Code   RO         2362    x$fpl$dadd          fz_wm.l(daddsub_clz.o)
    0x08002dfc   0x00000018   Code   RO         2398    x$fpl$dcmpinf       fz_wm.l(dcmpi.o)
    0x08002e14   0x000002b0   Code   RO         2369    x$fpl$ddiv          fz_wm.l(ddiv.o)
    0x080030c4   0x0000005e   Code   RO         2372    x$fpl$dfix          fz_wm.l(dfix.o)
    0x08003122   0x0000002e   Code   RO         2377    x$fpl$dflt          fz_wm.l(dflt_clz.o)
    0x08003150   0x00000078   Code   RO         2382    x$fpl$dleqf         fz_wm.l(dleqf.o)
    0x080031c8   0x00000154   Code   RO         2384    x$fpl$dmul          fz_wm.l(dmul.o)
    0x0800331c   0x0000009c   Code   RO         2400    x$fpl$dnaninf       fz_wm.l(dnaninf.o)
    0x080033b8   0x0000000c   Code   RO         2402    x$fpl$dretinf       fz_wm.l(dretinf.o)
    0x080033c4   0x000001d4   Code   RO         2364    x$fpl$dsub          fz_wm.l(daddsub_clz.o)
    0x08003598   0x00000056   Code   RO         2386    x$fpl$f2d           fz_wm.l(f2d.o)
    0x080035ee   0x0000008c   Code   RO         2404    x$fpl$fnaninf       fz_wm.l(fnaninf.o)
    0x0800367a   0x0000000a   Code   RO         2537    x$fpl$fpinit        fz_wm.l(fpinit.o)
    0x08003684   0x0000000a   Code   RO         2406    x$fpl$fretinf       fz_wm.l(fretinf.o)
    0x0800368e   0x00000004   Code   RO         2388    x$fpl$printf1       fz_wm.l(printf1.o)
    0x08003692   0x00000000   Code   RO         2408    x$fpl$usenofp       fz_wm.l(usenofp.o)
    0x08003692   0x00000011   Data   RO         2347    .constdata          c_w.l(__printf_flags_wp.o)
    0x080036a3   0x00000001   PAD
    0x080036a4   0x00000094   Data   RO         2436    .constdata          c_w.l(bigflt0.o)
    0x08003738   0x00000020   Data   RO         2608    Region$$Table       anon$$obj.o
    0x08003758   0x0000001c   Data   RO         2464    locale$$data        c_w.l(lc_numeric_c.o)


    Execution Region RW_IRAM1 (Base: 0x20000000, Size: 0x00000740, Max: 0x00020000, ABSOLUTE)

    Base Addr    Size         Type   Attr      Idx    E Section Name        Object

    0x20000000   0x00000020   Data   RW          353    .data               location.o
    0x20000020   0x00000004   Data   RW          438    .data               timer.o
    0x20000024   0x0000000c   Data   RW          503    .data               uw.o
    0x20000030   0x0000000e   Data   RW          590    .data               usart2.o
    0x2000003e   0x00000004   Data   RW          632    .data               delay.o
    0x20000042   0x00000002   PAD
    0x20000044   0x00000006   Data   RW          693    .data               usart.o
    0x2000004a   0x00000010   Data   RW         1167    .data               stm32f4xx_rcc.o
    0x2000005a   0x00000002   PAD
    0x2000005c   0x0000004c   Zero   RW          351    .bss                location.o
    0x200000a8   0x0000000c   Zero   RW          437    .bss                timer.o
    0x200000b4   0x0000002c   Zero   RW          502    .bss                uw.o
    0x200000e0   0x00000060   Zero   RW         2472    .bss                c_w.l(libspace.o)
    0x20000140   0x00000200   Zero   RW         2253    HEAP                startup_stm32f40_41xxx.o
    0x20000340   0x00000400   Zero   RW         2252    STACK               startup_stm32f40_41xxx.o


==============================================================================

Image component sizes


      Code (inc. data)   RO Data    RW Data    ZI Data      Debug   Object Name

       192         12          0          4          0       2080   delay.o
       138         30          0          0          0       1673   include.o
       120          8          0          0          0        591   led.o
      1798        156          0         32         76      17578   location.o
        96          6          0          0          0     284675   main.o
       180         24          0          0          0       2193   misc.o
        64         26        392          0       1536        868   startup_stm32f40_41xxx.o
       184         16          0          0          0       2208   stm32f4xx_exti.o
       226          0          0          0          0       3600   stm32f4xx_gpio.o
        26          0          0          0          0       4334   stm32f4xx_it.o
       328         36          0         16          0       4799   stm32f4xx_rcc.o
        64          4          0          0          0        684   stm32f4xx_syscfg.o
       230         28          0          0          0       5596   stm32f4xx_tim.o
       438          8          0          0          0       5697   stm32f4xx_usart.o
       340         32          0          0          0       1561   system_stm32f4xx.o
       380         44          0          4         12       4291   timer.o
       252         18          0          6          0       4480   usart.o
       264         20          0         14          0       2773   usart2.o
       764        102          0         12         44       4530   uw.o

    ----------------------------------------------------------------------
      6104        570        424         92       1668     354211   Object Totals
         0          0         32          0          0          0   (incl. Generated)
        20          0          0          4          0          0   (incl. Padding)

    ----------------------------------------------------------------------

      Code (inc. data)   RO Data    RW Data    ZI Data      Debug   Library Member Name

       212          0          0          0          0      16426   arm_max_f32.o
       212          0          0          0          0       1234   arm_min_f32.o
         8          0          0          0          0         68   __main.o
       312          4         17          0          0         92   __printf_flags_wp.o
        14          0          0          0          0         68   __printf_wp.o
         0          0          0          0          0          0   __rtentry.o
        12          0          0          0          0          0   __rtentry2.o
         6          0          0          0          0          0   __rtentry4.o
        52          8          0          0          0          0   __scatter.o
        26          0          0          0          0          0   __scatter_copy.o
        28          0          0          0          0          0   __scatter_zi.o
        48          6          0          0          0         96   _printf_char_common.o
        36          4          0          0          0         80   _printf_char_file.o
         6          0          0          0          0          0   _printf_f.o
      1050          0          0          0          0        216   _printf_fp_dec.o
       128         16          0          0          0         84   _printf_fp_infnan.o
         0          0          0          0          0          0   _printf_percent.o
         4          0          0          0          0          0   _printf_percent_end.o
       220          4        148          0          0         96   bigflt0.o
      1910        128          0          0          0        672   btod.o
        18          0          0          0          0         80   exit.o
         8          0          0          0          0         68   ferror.o
         6          0          0          0          0        152   heapauxi.o
        44         10         28          0          0         76   lc_numeric_c.o
         2          0          0          0          0          0   libinit.o
        22          0          0          0          0          0   libinit2.o
         2          0          0          0          0          0   libshutdown.o
         2          0          0          0          0          0   libshutdown2.o
         8          4          0          0         96         68   libspace.o
       138          0          0          0          0         80   lludiv10.o
        24          4          0          0          0         84   noretval__2printf.o
         8          4          0          0          0         68   rt_locale_intlibspace.o
         2          0          0          0          0          0   rtexit.o
        10          0          0          0          0          0   rtexit2.o
       128          0          0          0          0         68   strcmpv7m.o
        74          0          0          0          0         80   sys_stackheap_outer.o
         2          0          0          0          0         68   use_no_semi.o
         2          0          0          0          0         68   use_no_semi_2.o
        98          4          0          0          0        140   d2f.o
       804         16          0          0          0        368   daddsub_clz.o
        24          0          0          0          0        116   dcmpi.o
       688        140          0          0          0        256   ddiv.o
        94          4          0          0          0        140   dfix.o
        46          0          0          0          0        116   dflt_clz.o
       120          4          0          0          0        140   dleqf.o
       340         12          0          0          0        152   dmul.o
       156          4          0          0          0        140   dnaninf.o
        12          0          0          0          0        116   dretinf.o
        86          4          0          0          0        132   f2d.o
       140          4          0          0          0        132   fnaninf.o
        10          0          0          0          0        116   fpinit.o
        10          0          0          0          0        116   fretinf.o
         4          0          0          0          0        116   printf1.o
         0          0          0          0          0          0   usenofp.o
        48          0          0          0          0        124   fpclassify.o

    ----------------------------------------------------------------------
      7474        384        194          0         96      22512   Library Totals
        10          0          1          0          0          0   (incl. Padding)

    ----------------------------------------------------------------------

      Code (inc. data)   RO Data    RW Data    ZI Data      Debug   Library Name

       424          0          0          0          0      17660   arm_cortexM4lf_math.lib
      4360        192        193          0         96       2432   c_w.l
      2632        192          0          0          0       2296   fz_wm.l
        48          0          0          0          0        124   m_wm.l

    ----------------------------------------------------------------------
      7474        384        194          0         96      22512   Library Totals

    ----------------------------------------------------------------------

==============================================================================


      Code (inc. data)   RO Data    RW Data    ZI Data      Debug   

     13578        954        618         92       1764     367023   Grand Totals
     13578        954        618         92       1764     367023   ELF Image Totals
     13578        954        618         92          0          0   ROM Totals

==============================================================================

    Total RO  Size (Code + RO Data)                14196 (  13.86kB)
    Total RW  Size (RW Data + ZI Data)              1856 (   1.81kB)
    Total ROM Size (Code + RO Data + RW Data)      14288 (  13.95kB)

==============================================================================

